Archive member included to satisfy reference by file (symbol)

app/libapp.a(main.c.obj)      (--whole-archive)
app/libapp.a(uart_fw.c.obj)   (--whole-archive)
app/libapp.a(fifo_gen.c.obj)  (--whole-archive)
app/libapp.a(uart_fw_task.c.obj)
                              (--whole-archive)
zephyr/libzephyr.a(cbprintf.c.obj)
                              (--whole-archive)
zephyr/libzephyr.a(crc32_sw.c.obj)
                              (--whole-archive)
zephyr/libzephyr.a(crc16_sw.c.obj)
                              (--whole-archive)
zephyr/libzephyr.a(crc8_sw.c.obj)
                              (--whole-archive)
zephyr/libzephyr.a(crc7_sw.c.obj)
                              (--whole-archive)
zephyr/libzephyr.a(dec.c.obj)
                              (--whole-archive)
zephyr/libzephyr.a(fdtable.c.obj)
                              (--whole-archive)
zephyr/libzephyr.a(hex.c.obj)
                              (--whole-archive)
zephyr/libzephyr.a(notify.c.obj)
                              (--whole-archive)
zephyr/libzephyr.a(printk.c.obj)
                              (--whole-archive)
zephyr/libzephyr.a(onoff.c.obj)
                              (--whole-archive)
zephyr/libzephyr.a(rb.c.obj)  (--whole-archive)
zephyr/libzephyr.a(sem.c.obj)
                              (--whole-archive)
zephyr/libzephyr.a(thread_entry.c.obj)
                              (--whole-archive)
zephyr/libzephyr.a(timeutil.c.obj)
                              (--whole-archive)
zephyr/libzephyr.a(work_q.c.obj)
                              (--whole-archive)
zephyr/libzephyr.a(heap.c.obj)
                              (--whole-archive)
zephyr/libzephyr.a(heap-validate.c.obj)
                              (--whole-archive)
zephyr/libzephyr.a(cbprintf_complete.c.obj)
                              (--whole-archive)
zephyr/libzephyr.a(configs.c.obj)
                              (--whole-archive)
zephyr/libzephyr.a(validate_base_addresses.c.obj)
                              (--whole-archive)
zephyr/libzephyr.a(validate_enabled_instances.c.obj)
                              (--whole-archive)
zephyr/libzephyr.a(log_list.c.obj)
                              (--whole-archive)
zephyr/libzephyr.a(log_core.c.obj)
                              (--whole-archive)
zephyr/libzephyr.a(log_msg.c.obj)
                              (--whole-archive)
zephyr/libzephyr.a(log_output.c.obj)
                              (--whole-archive)
zephyr/libzephyr.a(log_backend_uart.c.obj)
                              (--whole-archive)
zephyr/libzephyr.a(power.c.obj)
                              (--whole-archive)
zephyr/libzephyr.a(reboot.c.obj)
                              (--whole-archive)
zephyr/libzephyr.a(policy_residency.c.obj)
                              (--whole-archive)
zephyr/libzephyr.a(uart_console.c.obj)
                              (--whole-archive)
zephyr/libzephyr.a(clock_control_nrf.c.obj)
                              (--whole-archive)
zephyr/libzephyr.a(sys_clock_init.c.obj)
                              (--whole-archive)
zephyr/libzephyr.a(nrf_rtc_timer.c.obj)
                              (--whole-archive)
zephyr/libzephyr.a(nrf_cc3xx_platform_abort_zephyr.c.obj)
                              (--whole-archive)
zephyr/libzephyr.a(nrf_cc3xx_platform_mutex_zephyr.c.obj)
                              (--whole-archive)
zephyr/arch/common/libarch__common.a(sw_isr_common.c.obj)
                              (--whole-archive)
zephyr/arch/arch/arm/core/aarch32/libarch__arm__core__aarch32.a(swap.c.obj)
                              (--whole-archive)
zephyr/arch/arch/arm/core/aarch32/libarch__arm__core__aarch32.a(swap_helper.S.obj)
                              (--whole-archive)
zephyr/arch/arch/arm/core/aarch32/libarch__arm__core__aarch32.a(irq_manage.c.obj)
                              (--whole-archive)
zephyr/arch/arch/arm/core/aarch32/libarch__arm__core__aarch32.a(thread.c.obj)
                              (--whole-archive)
zephyr/arch/arch/arm/core/aarch32/libarch__arm__core__aarch32.a(cpu_idle.S.obj)
                              (--whole-archive)
zephyr/arch/arch/arm/core/aarch32/libarch__arm__core__aarch32.a(fatal.c.obj)
                              (--whole-archive)
zephyr/arch/arch/arm/core/aarch32/libarch__arm__core__aarch32.a(nmi.c.obj)
                              (--whole-archive)
zephyr/arch/arch/arm/core/aarch32/libarch__arm__core__aarch32.a(nmi_on_reset.S.obj)
                              (--whole-archive)
zephyr/arch/arch/arm/core/aarch32/libarch__arm__core__aarch32.a(prep_c.c.obj)
                              (--whole-archive)
zephyr/arch/arch/arm/core/aarch32/libarch__arm__core__aarch32.a(isr_wrapper.S.obj)
                              (--whole-archive)
zephyr/arch/arch/arm/core/aarch32/cortex_m/libarch__arm__core__aarch32__cortex_m.a(vector_table.S.obj)
                              (--whole-archive)
zephyr/arch/arch/arm/core/aarch32/cortex_m/libarch__arm__core__aarch32__cortex_m.a(reset.S.obj)
[...]
Memory Configuration

Name             Origin             Length             Attributes
FLASH            0x00000000         0x00100000         xr
SRAM             0x20000000         0x00040000         xw
IDT_LIST         0x20040000         0x00000800         xw
*default*        0x00000000         0xffffffff

Linker script and memory map

LOAD zephyr/CMakeFiles/zephyr_final.dir/misc/empty_file.c.obj
LOAD zephyr/CMakeFiles/zephyr_final.dir/isr_tables.c.obj
                0x00000020                _region_min_align = 0x20

.rel.plt        0x00000000        0x0
 *(SORT_BY_ALIGNMENT(.rel.plt))
                [!provide]                PROVIDE (__rel_iplt_start = .)
 *(SORT_BY_ALIGNMENT(.rel.iplt))
 .rel.iplt      0x00000000        0x0 zephyr/CMakeFiles/zephyr_final.dir/isr_tables.c.obj
                [!provide]                PROVIDE (__rel_iplt_end = .)

.rela.plt       0x00000000        0x0
 *(SORT_BY_ALIGNMENT(.rela.plt))
                [!provide]                PROVIDE (__rela_iplt_start = .)
 *(SORT_BY_ALIGNMENT(.rela.iplt))
                [!provide]                PROVIDE (__rela_iplt_end = .)

.rel.dyn
 *(SORT_BY_ALIGNMENT(.rel.*))

.rela.dyn
 *(SORT_BY_ALIGNMENT(.rela.*))

/DISCARD/
 *(SORT_BY_ALIGNMENT(.plt))
 *(SORT_BY_ALIGNMENT(.iplt))
 *(SORT_BY_ALIGNMENT(.got.plt))
 *(SORT_BY_ALIGNMENT(.igot.plt))
 *(SORT_BY_ALIGNMENT(.got))
 *(SORT_BY_ALIGNMENT(.igot))
 *(SORT_BY_ALIGNMENT(.irq_info*))
 *(SORT_BY_ALIGNMENT(.intList*))
 *(SORT_BY_ALIGNMENT(.note.GNU-stack))
                0x00000000                _image_rom_start = 0x0

rom_start       0x00000000      0x100
                0x00000000                . = 0x0
                0x00000000                . = ALIGN (0x4)
                0x00000000                . = ALIGN (0x80)
                0x00000000                . = ALIGN (0x100)
                0x00000000                _vector_start = .
 *(SORT_BY_ALIGNMENT(.exc_vector_table))
 *(SORT_BY_ALIGNMENT(.exc_vector_table.*))
 .exc_vector_table._vector_table_section
                0x00000000       0x40 zephyr/arch/arch/arm/core/aarch32/cortex_m/libarch__arm__core__aarch32__cortex_m.a(vector_table.S.obj)
                0x00000000                _vector_table
 *(SORT_BY_ALIGNMENT(.gnu.linkonce.irq_vector_table*))
 .gnu.linkonce.irq_vector_table*
                0x00000040       0xc0 zephyr/CMakeFiles/zephyr_final.dir/isr_tables.c.obj
                0x00000040                _irq_vector_table
 *(SORT_BY_ALIGNMENT(.vectors))
                0x00000100                _vector_end = .
 *(SORT_BY_ALIGNMENT(.openocd_dbg))
 *(SORT_BY_ALIGNMENT(.openocd_dbg.*))

text            0x00000100     0x6286
                0x00000100                _image_text_start = .
 *(SORT_BY_ALIGNMENT(.text))
 .text          0x00000100       0x30 c:/users/eivin/ncs/v1.5.0/toolchain/opt/bin/../lib/gcc/arm-none-eabi/9.2.1/thumb/v7e-m/nofp\libgcc.a(_aeabi_uldivmod.o)
                0x00000100                __aeabi_uldivmod
 .text          0x00000130      0x2c0 c:/users/eivin/ncs/v1.5.0/toolchain/opt/bin/../lib/gcc/arm-none-eabi/9.2.1/thumb/v7e-m/nofp\libgcc.a(_udivmoddi4.o)
                0x00000130                __udivmoddi4
 .text          0x000003f0        0x4 c:/users/eivin/ncs/v1.5.0/toolchain/opt/bin/../lib/gcc/arm-none-eabi/9.2.1/thumb/v7e-m/nofp\libgcc.a(_dvmd_tls.o)
                0x000003f0                __aeabi_idiv0
                0x000003f0                __aeabi_ldiv0
 *(SORT_BY_ALIGNMENT(.text.*))
 .text.main     0x000003f4       0x40 app/libapp.a(main.c.obj)
                0x000003f4                main
 .text.uart_fw_init
                0x00000434       0xa0 app/libapp.a(uart_fw.c.obj)
                0x00000434                uart_fw_init
 .text.WLR089U0_ISR
                0x000004d4       0x50 app/libapp.a(uart_fw_task.c.obj)
 .text.uart_fw_task
                0x00000524       0x3c app/libapp.a(uart_fw_task.c.obj)
                0x00000524                uart_fw_task
 .text.char_out
                0x00000560       0x10 zephyr/libzephyr.a(printk.c.obj)
 .text.__printk_hook_install
                0x00000570        0xc zephyr/libzephyr.a(printk.c.obj)
                0x00000570                __printk_hook_install
 .text.vprintk  0x0000057c       0x1c zephyr/libzephyr.a(printk.c.obj)
                0x0000057c                vprintk
 .text.vsnprintk
                0x00000598       0x28 zephyr/libzephyr.a(printk.c.obj)
                0x00000598                vsnprintk
 .text.process_event
                0x000005c0      0x1cc zephyr/libzephyr.a(onoff.c.obj)
 .text.cbvprintf
                0x0000078c      0x780 zephyr/libzephyr.a(cbprintf_complete.c.obj)
                0x0000078c                cbvprintf
 .text.enable_logger
                0x00000f0c       0x5c zephyr/libzephyr.a(log_core.c.obj)
 .text.log_process_thread_timer_expiry_fn
                0x00000f68        0xc zephyr/libzephyr.a(log_core.c.obj)
 .text.log_core_init
                0x00000f74       0x40 zephyr/libzephyr.a(log_core.c.obj)
                0x00000f74                log_core_init
 .text.dropped_notify
                0x00000fb4       0x4c zephyr/libzephyr.a(log_core.c.obj)
                0x00000fb4                dropped_notify
 .text.log_dropped
                0x00001000       0x20 zephyr/libzephyr.a(log_core.c.obj)
                0x00001000                log_dropped
 .text.log_source_name_get
                0x00001020       0x1c zephyr/libzephyr.a(log_core.c.obj)
                0x00001020                log_source_name_get
 .text.log_backend_enable
                0x0000103c       0x34 zephyr/libzephyr.a(log_core.c.obj)
                0x0000103c                log_backend_enable
 .text.log_init
                0x00001070       0x54 zephyr/libzephyr.a(log_core.c.obj)
                0x00001070                log_init
 .text.log_strdup
                0x000010c4       0x70 zephyr/libzephyr.a(log_core.c.obj)
                0x000010c4                log_strdup
 .text.log_is_strdup
                0x00001134       0x20 zephyr/libzephyr.a(log_core.c.obj)
                0x00001134                log_is_strdup
 .text.z_impl_log_process
                0x00001154      0x170 zephyr/libzephyr.a(log_core.c.obj)
                0x00001154                z_impl_log_process
 .text.msg_finalize
                0x000012c4       0xc4 zephyr/libzephyr.a(log_core.c.obj)
 .text.log_process_thread_func
                0x00001388       0x48 zephyr/libzephyr.a(log_core.c.obj)
 .text.z_impl_log_panic
                0x000013d0       0x48 zephyr/libzephyr.a(log_core.c.obj)
                0x000013d0                z_impl_log_panic
 .text.log_free
                0x00001418       0x34 zephyr/libzephyr.a(log_core.c.obj)
                0x00001418                log_free
 .text.log_msg_pool_init
                0x0000144c       0x14 zephyr/libzephyr.a(log_msg.c.obj)
                0x0000144c                log_msg_pool_init
 .text.log_msg_no_space_handle
                0x00001460       0x30 zephyr/libzephyr.a(log_msg.c.obj)
                0x00001460                log_msg_no_space_handle
 .text.log_msg_chunk_alloc
                0x00001490       0x28 zephyr/libzephyr.a(log_msg.c.obj)
                0x00001490                log_msg_chunk_alloc
 .text.msg_free
                0x000014b8       0x7c zephyr/libzephyr.a(log_msg.c.obj)
 .text.print_formatted
                0x00001534       0x24 zephyr/libzephyr.a(log_output.c.obj)
 .text.prefix_print
                0x00001558      0x11c zephyr/libzephyr.a(log_output.c.obj)
 .text.postfix_print
                0x00001674       0x3c zephyr/libzephyr.a(log_output.c.obj)
 .text.hexdump_line_print
                0x000016b0       0xdc zephyr/libzephyr.a(log_output.c.obj)
 .text.log_output_msg_process
                0x0000178c       0xf8 zephyr/libzephyr.a(log_output.c.obj)
                0x0000178c                log_output_msg_process
 .text.log_output_dropped_process
                0x00001884       0x58 zephyr/libzephyr.a(log_output.c.obj)
                0x00001884                log_output_dropped_process
 .text.log_output_timestamp_freq_set
                0x000018dc       0x30 zephyr/libzephyr.a(log_output.c.obj)
                0x000018dc                log_output_timestamp_freq_set
 .text.char_out
                0x0000190c       0x24 zephyr/libzephyr.a(log_backend_uart.c.obj)
 .text.panic    0x00001930        0xc zephyr/libzephyr.a(log_backend_uart.c.obj)
 .text.dropped  0x0000193c        0xc zephyr/libzephyr.a(log_backend_uart.c.obj)
 .text.log_backend_uart_init
                0x00001948       0x18 zephyr/libzephyr.a(log_backend_uart.c.obj)
 .text.put      0x00001960       0x24 zephyr/libzephyr.a(log_backend_uart.c.obj)
 .text.sys_reboot
                0x00001984       0x30 zephyr/libzephyr.a(reboot.c.obj)
                0x00001984                sys_reboot
 .text.uart_console_init
                0x000019b4       0x2c zephyr/libzephyr.a(uart_console.c.obj)
 .text.console_out
                0x000019e0       0x28 zephyr/libzephyr.a(uart_console.c.obj)
 .text.onoff_stop
                0x00001a08       0x48 zephyr/libzephyr.a(clock_control_nrf.c.obj)
 .text.onoff_start
                0x00001a50       0x54 zephyr/libzephyr.a(clock_control_nrf.c.obj)
 .text.clk_init
                0x00001aa4       0x60 zephyr/libzephyr.a(clock_control_nrf.c.obj)
 .text.clkstarted_handle.constprop.0
                0x00001b04       0x34 zephyr/libzephyr.a(clock_control_nrf.c.obj)
 .text.clock_event_handler
                0x00001b38       0x1c zephyr/libzephyr.a(clock_control_nrf.c.obj)
 .text.generic_hfclk_start
                0x00001b54       0x64 zephyr/libzephyr.a(clock_control_nrf.c.obj)
 .text.generic_hfclk_stop
                0x00001bb8       0x2c zephyr/libzephyr.a(clock_control_nrf.c.obj)
 .text.api_blocking_start
                0x00001be4       0x34 zephyr/libzephyr.a(clock_control_nrf.c.obj)
 .text.z_nrf_clock_control_lf_on
                0x00001c18      0x10c zephyr/libzephyr.a(clock_control_nrf.c.obj)
                0x00001c18                z_nrf_clock_control_lf_on
 .text.sys_clock_timeout_handler
                0x00001d24       0x18 zephyr/libzephyr.a(nrf_rtc_timer.c.obj)
 .text.set_absolute_alarm
                0x00001d3c       0x98 zephyr/libzephyr.a(nrf_rtc_timer.c.obj)
 .text.rtc_nrf_isr
                0x00001dd4       0x50 zephyr/libzephyr.a(nrf_rtc_timer.c.obj)
                0x00001dd4                rtc_nrf_isr
 .text.z_clock_driver_init
                0x00001e24       0x54 zephyr/libzephyr.a(nrf_rtc_timer.c.obj)
                0x00001e24                z_clock_driver_init
 .text.z_clock_set_timeout
                0x00001e78       0x64 zephyr/libzephyr.a(nrf_rtc_timer.c.obj)
                0x00001e78                z_clock_set_timeout
 .text.z_clock_elapsed
                0x00001edc       0x34 zephyr/libzephyr.a(nrf_rtc_timer.c.obj)
                0x00001edc                z_clock_elapsed
 .text.z_timer_cycle_get_32
                0x00001f10       0x34 zephyr/libzephyr.a(nrf_rtc_timer.c.obj)
                0x00001f10                z_timer_cycle_get_32
 .text.nrf_cc3xx_platform_abort_init
                0x00001f44        0xc zephyr/libzephyr.a(nrf_cc3xx_platform_abort_zephyr.c.obj)
                0x00001f44                nrf_cc3xx_platform_abort_init
 .text.mutex_unlock_platform
                0x00001f50       0x4c zephyr/libzephyr.a(nrf_cc3xx_platform_mutex_zephyr.c.obj)
 .text.mutex_free_platform
                0x00001f9c       0x48 zephyr/libzephyr.a(nrf_cc3xx_platform_mutex_zephyr.c.obj)
 .text.mutex_init_platform
                0x00001fe4       0x70 zephyr/libzephyr.a(nrf_cc3xx_platform_mutex_zephyr.c.obj)
 .text.mutex_lock_platform
                0x00002054       0x58 zephyr/libzephyr.a(nrf_cc3xx_platform_mutex_zephyr.c.obj)
 .text.nrf_cc3xx_platform_mutex_init
                0x000020ac       0x2c zephyr/libzephyr.a(nrf_cc3xx_platform_mutex_zephyr.c.obj)
                0x000020ac                nrf_cc3xx_platform_mutex_init
 .text.arch_swap
                0x000020d8       0x34 zephyr/arch/arch/arm/core/aarch32/libarch__arm__core__aarch32.a(swap.c.obj)
                0x000020d8                arch_swap
 .text.z_arm_pendsv
                0x0000210c       0x54 zephyr/arch/arch/arm/core/aarch32/libarch__arm__core__aarch32.a(swap_helper.S.obj)
                0x0000210c                z_arm_pendsv
 .text.z_arm_svc
                0x00002160       0x20 zephyr/arch/arch/arm/core/aarch32/libarch__arm__core__aarch32.a(swap_helper.S.obj)
                0x00002160                z_arm_svc
 .text.arch_irq_enable
                0x00002180       0x20 zephyr/arch/arch/arm/core/aarch32/libarch__arm__core__aarch32.a(irq_manage.c.obj)
                0x00002180                arch_irq_enable
 .text.arch_irq_is_enabled
                0x000021a0       0x1c zephyr/arch/arch/arm/core/aarch32/libarch__arm__core__aarch32.a(irq_manage.c.obj)
                0x000021a0                arch_irq_is_enabled
 .text.z_arm_irq_priority_set
                0x000021bc       0x30 zephyr/arch/arch/arm/core/aarch32/libarch__arm__core__aarch32.a(irq_manage.c.obj)
                0x000021bc                z_arm_irq_priority_set
 .text.arch_new_thread
                0x000021ec       0x38 zephyr/arch/arch/arm/core/aarch32/libarch__arm__core__aarch32.a(thread.c.obj)
                0x000021ec                arch_new_thread
 .text.z_check_thread_stack_fail
                0x00002224       0x34 zephyr/arch/arch/arm/core/aarch32/libarch__arm__core__aarch32.a(thread.c.obj)
                0x00002224                z_check_thread_stack_fail
 .text.arch_switch_to_main_thread
                0x00002258       0x34 zephyr/arch/arch/arm/core/aarch32/libarch__arm__core__aarch32.a(thread.c.obj)
                0x00002258                arch_switch_to_main_thread
 .text.z_arm_cpu_idle_init
                0x0000228c        0xc zephyr/arch/arch/arm/core/aarch32/libarch__arm__core__aarch32.a(cpu_idle.S.obj)
                0x0000228c                z_arm_cpu_idle_init
 .text.arch_cpu_idle
                0x00002298       0x1c zephyr/arch/arch/arm/core/aarch32/libarch__arm__core__aarch32.a(cpu_idle.S.obj)
                0x00002298                arch_cpu_idle
 .text.arch_cpu_atomic_idle
                0x000022b4       0x14 zephyr/arch/arch/arm/core/aarch32/libarch__arm__core__aarch32.a(cpu_idle.S.obj)
                0x000022b4                arch_cpu_atomic_idle
 .text.z_arm_fatal_error
                0x000022c8       0x70 zephyr/arch/arch/arm/core/aarch32/libarch__arm__core__aarch32.a(fatal.c.obj)
                0x000022c8                z_arm_fatal_error
 .text.z_SysNmiOnReset
                0x00002338        0x8 zephyr/arch/arch/arm/core/aarch32/libarch__arm__core__aarch32.a(nmi_on_reset.S.obj)
                0x00002338                z_SysNmiOnReset
 .text.z_arm_prep_c
                0x00002340       0x44 zephyr/arch/arch/arm/core/aarch32/libarch__arm__core__aarch32.a(prep_c.c.obj)
                0x00002340                z_arm_prep_c
 .text._isr_wrapper
                0x00002384       0x40 zephyr/arch/arch/arm/core/aarch32/libarch__arm__core__aarch32.a(isr_wrapper.S.obj)
                0x00002384                _isr_wrapper
 .text._reset_section
                0x000023c4       0x30 zephyr/arch/arch/arm/core/aarch32/cortex_m/libarch__arm__core__aarch32__cortex_m.a(reset.S.obj)
                0x000023c4                __start
                0x000023c4                z_arm_reset
 .text.__fault  0x000023f4       0x14 zephyr/arch/arch/arm/core/aarch32/cortex_m/libarch__arm__core__aarch32__cortex_m.a(fault_s.S.obj)
                0x000023f4                z_arm_usage_fault
                0x000023f4                z_arm_mpu_fault
                0x000023f4                z_arm_exc_spurious
                0x000023f4                z_arm_debug_monitor
                0x000023f4                z_arm_hard_fault
                0x000023f4                z_arm_bus_fault
 .text.mem_manage_fault
                0x00002408      0x104 zephyr/arch/arch/arm/core/aarch32/cortex_m/libarch__arm__core__aarch32__cortex_m.a(fault.c.obj)
 .text.usage_fault.isra.0
                0x0000250c       0xb8 zephyr/arch/arch/arm/core/aarch32/cortex_m/libarch__arm__core__aarch32__cortex_m.a(fault.c.obj)
 .text.bus_fault.isra.0
                0x000025c4       0xdc zephyr/arch/arch/arm/core/aarch32/cortex_m/libarch__arm__core__aarch32__cortex_m.a(fault.c.obj)
 .text.z_arm_fault
                0x000026a0      0x19c zephyr/arch/arch/arm/core/aarch32/cortex_m/libarch__arm__core__aarch32__cortex_m.a(fault.c.obj)
                0x000026a0                z_arm_fault
 .text.z_arm_fault_init
                0x0000283c       0x10 zephyr/arch/arch/arm/core/aarch32/cortex_m/libarch__arm__core__aarch32__cortex_m.a(fault.c.obj)
                0x0000283c                z_arm_fault_init
 .text._HandlerModeExit
                0x0000284c       0x1c zephyr/arch/arch/arm/core/aarch32/cortex_m/libarch__arm__core__aarch32__cortex_m.a(exc_exit.S.obj)
                0x0000284c                z_arm_int_exit
                0x0000284c                z_arm_exc_exit
 .text.z_arm_interrupt_init
                0x00002868       0x18 zephyr/arch/arch/arm/core/aarch32/cortex_m/libarch__arm__core__aarch32__cortex_m.a(irq_init.c.obj)
                0x00002868                z_arm_interrupt_init
 .text.z_impl_k_thread_abort
                0x00002880       0x44 zephyr/arch/arch/arm/core/aarch32/cortex_m/libarch__arm__core__aarch32__cortex_m.a(thread_abort.c.obj)
                0x00002880                z_impl_k_thread_abort
 .text.z_arm_configure_static_mpu_regions
                0x000028c4       0x18 zephyr/arch/arch/arm/core/aarch32/cortex_m/mpu/libarch__arm__core__aarch32__cortex_m__mpu.a(arm_core_mpu.c.obj)
                0x000028c4                z_arm_configure_static_mpu_regions
 .text.z_arm_configure_dynamic_mpu_regions
                0x000028dc       0x20 zephyr/arch/arch/arm/core/aarch32/cortex_m/mpu/libarch__arm__core__aarch32__cortex_m__mpu.a(arm_core_mpu.c.obj)
                0x000028dc                z_arm_configure_dynamic_mpu_regions
 .text.mpu_configure_regions
                0x000028fc       0xb8 zephyr/arch/arch/arm/core/aarch32/cortex_m/mpu/libarch__arm__core__aarch32__cortex_m__mpu.a(arm_mpu.c.obj)
 .text.arm_core_mpu_enable
                0x000029b4       0x14 zephyr/arch/arch/arm/core/aarch32/cortex_m/mpu/libarch__arm__core__aarch32__cortex_m__mpu.a(arm_mpu.c.obj)
                0x000029b4                arm_core_mpu_enable
 .text.arm_core_mpu_disable
                0x000029c8       0x10 zephyr/arch/arch/arm/core/aarch32/cortex_m/mpu/libarch__arm__core__aarch32__cortex_m__mpu.a(arm_mpu.c.obj)
                0x000029c8                arm_core_mpu_disable
 .text.arm_mpu_init
                0x000029d8       0x5c zephyr/arch/arch/arm/core/aarch32/cortex_m/mpu/libarch__arm__core__aarch32__cortex_m__mpu.a(arm_mpu.c.obj)
 .text.arm_core_mpu_configure_static_mpu_regions
                0x00002a34       0x14 zephyr/arch/arch/arm/core/aarch32/cortex_m/mpu/libarch__arm__core__aarch32__cortex_m__mpu.a(arm_mpu.c.obj)
                0x00002a34                arm_core_mpu_configure_static_mpu_regions
 .text.arm_core_mpu_configure_dynamic_mpu_regions
                0x00002a48       0x2c zephyr/arch/arch/arm/core/aarch32/cortex_m/mpu/libarch__arm__core__aarch32__cortex_m__mpu.a(arm_mpu.c.obj)
                0x00002a48                arm_core_mpu_configure_dynamic_mpu_regions
 .text.__stdout_hook_install
                0x00002a74        0xc zephyr/lib/libc/minimal/liblib__libc__minimal.a(stdout_console.c.obj)
                0x00002a74                __stdout_hook_install
 .text.nordicsemi_nrf52_init
                0x00002a80       0x30 zephyr/soc/arm/nordic_nrf/nrf52/libsoc__arm__nordic_nrf__nrf52.a(soc.c.obj)
 .text.sys_arch_reboot
                0x00002ab0       0x2c zephyr/soc/arm/nordic_nrf/nrf52/libsoc__arm__nordic_nrf__nrf52.a(soc.c.obj)
                0x00002ab0                sys_arch_reboot
 .text.arch_busy_wait
                0x00002adc       0x14 zephyr/soc/arm/nordic_nrf/nrf52/libsoc__arm__nordic_nrf__nrf52.a(soc.c.obj)
                0x00002adc                arch_busy_wait
 .text.init     0x00002af0      0x10c zephyr/boards/boards/arm/nrf9160dk_nrf52840/libboards__arm__nrf9160dk_nrf52840.a(board.c.obj)
 .text.gpio_nrfx_init
                0x00002bfc       0x30 zephyr/drivers/gpio/libdrivers__gpio.a(gpio_nrfx.c.obj)
 .text.gpio_nrfx_config
                0x00002c2c       0xc0 zephyr/drivers/gpio/libdrivers__gpio.a(gpio_nrfx.c.obj)
 .text.nrf_gpio_cfg_sense_set
                0x00002cec       0x2c zephyr/drivers/gpio/libdrivers__gpio.a(gpio_nrfx.c.obj)
 .text.gpio_nrfx_pin_interrupt_configure
                0x00002d18      0x1a4 zephyr/drivers/gpio/libdrivers__gpio.a(gpio_nrfx.c.obj)
 .text.gpiote_event_handler
                0x00002ebc       0xbc zephyr/drivers/gpio/libdrivers__gpio.a(gpio_nrfx.c.obj)
 .text.uarte_nrfx_configure
                0x00002f78      0x16c zephyr/drivers/serial/libdrivers__serial.a(uart_nrfx_uarte.c.obj)
 .text.uarte_nrfx_poll_out
                0x000030e4       0xb8 zephyr/drivers/serial/libdrivers__serial.a(uart_nrfx_uarte.c.obj)
 .text.nrf_gpio_cfg_output
                0x0000319c       0x20 zephyr/drivers/serial/libdrivers__serial.a(uart_nrfx_uarte.c.obj)
 .text.nrf_gpio_pin_set
                0x000031bc       0x20 zephyr/drivers/serial/libdrivers__serial.a(uart_nrfx_uarte.c.obj)
 .text.uarte_instance_init.isra.0
                0x000031dc      0x150 zephyr/drivers/serial/libdrivers__serial.a(uart_nrfx_uarte.c.obj)
 .text.uarte_0_init
                0x0000332c       0x30 zephyr/drivers/serial/libdrivers__serial.a(uart_nrfx_uarte.c.obj)
 .text.uarte_1_init
                0x0000335c       0x30 zephyr/drivers/serial/libdrivers__serial.a(uart_nrfx_uarte.c.obj)
 .text.k_sys_fatal_error_handler
                0x0000338c       0x2c modules/nrf/lib/fatal_error/lib..__nrf__lib__fatal_error.a(fatal_error.c.obj)
                0x0000338c                k_sys_fatal_error_handler
 .text.nrf52_errata_36
                0x000033b8       0x28 modules/hal_nordic/libmodules__hal_nordic.a(system_nrf52840.c.obj)
 .text.nrf52_errata_98
                0x000033e0       0x28 modules/hal_nordic/libmodules__hal_nordic.a(system_nrf52840.c.obj)
 .text.nvmc_wait
                0x00003408       0x10 modules/hal_nordic/libmodules__hal_nordic.a(system_nrf52840.c.obj)
                0x00003408                nvmc_wait
 .text.SystemInit
                0x00003418      0x1a0 modules/hal_nordic/libmodules__hal_nordic.a(system_nrf52840.c.obj)
                0x00003418                SystemInit
 .text.nrfx_clock_init
                0x000035b8       0x20 modules/hal_nordic/libmodules__hal_nordic.a(nrfx_clock.c.obj)
                0x000035b8                nrfx_clock_init
 .text.nrfx_clock_start
                0x000035d8       0x64 modules/hal_nordic/libmodules__hal_nordic.a(nrfx_clock.c.obj)
                0x000035d8                nrfx_clock_start
 .text.nrfx_clock_stop
                0x0000363c       0x8c modules/hal_nordic/libmodules__hal_nordic.a(nrfx_clock.c.obj)
                0x0000363c                nrfx_clock_stop
 .text.nrfx_power_clock_irq_handler
                0x000036c8       0x68 modules/hal_nordic/libmodules__hal_nordic.a(nrfx_clock.c.obj)
                0x000036c8                nrfx_power_clock_irq_handler
 .text.nrfx_gpiote_channel_free
                0x00003730       0x44 modules/hal_nordic/libmodules__hal_nordic.a(nrfx_gpiote.c.obj)
                0x00003730                nrfx_gpiote_channel_free
 .text.nrfx_gpiote_channel_alloc
                0x00003774       0x70 modules/hal_nordic/libmodules__hal_nordic.a(nrfx_gpiote.c.obj)
                0x00003774                nrfx_gpiote_channel_alloc
 .text.nrfx_ppi_channel_alloc
                0x000037e4       0x68 modules/hal_nordic/libmodules__hal_nordic.a(nrfx_ppi.c.obj)
                0x000037e4                nrfx_ppi_channel_alloc
 .text.z_sys_init_run_level
                0x0000384c       0x50 zephyr/kernel/libkernel.a(device.c.obj)
                0x0000384c                z_sys_init_run_level
 .text.z_device_ready
                0x0000389c       0x2c zephyr/kernel/libkernel.a(device.c.obj)
                0x0000389c                z_device_ready
 .text.z_impl_device_get_binding
                0x000038c8       0x50 zephyr/kernel/libkernel.a(device.c.obj)
                0x000038c8                z_impl_device_get_binding
 .text.z_fatal_error
                0x00003918       0xbc zephyr/kernel/libkernel.a(fatal.c.obj)
                0x00003918                z_fatal_error
 .text.idle     0x000039d4       0x60 zephyr/kernel/libkernel.a(idle.c.obj)
                0x000039d4                idle
 .text.z_bss_zero
                0x00003a34       0x14 zephyr/kernel/libkernel.a(init.c.obj)
                0x00003a34                z_bss_zero
 .text.bg_thread_main
                0x00003a48       0x34 zephyr/kernel/libkernel.a(init.c.obj)
 .text.z_cstart
                0x00003a7c      0x108 zephyr/kernel/libkernel.a(init.c.obj)
                0x00003a7c                z_cstart
 .text.init_mem_slab_module
                0x00003b84       0x44 zephyr/kernel/libkernel.a(mem_slab.c.obj)
 .text.k_mem_slab_alloc
                0x00003bc8       0x64 zephyr/kernel/libkernel.a(mem_slab.c.obj)
                0x00003bc8                k_mem_slab_alloc
 .text.k_mem_slab_free
                0x00003c2c       0x54 zephyr/kernel/libkernel.a(mem_slab.c.obj)
                0x00003c2c                k_mem_slab_free
 .text.z_impl_k_mutex_lock
                0x00003c80       0xf0 zephyr/kernel/libkernel.a(mutex.c.obj)
                0x00003c80                z_impl_k_mutex_lock
 .text.z_impl_k_mutex_unlock
                0x00003d70       0x8c zephyr/kernel/libkernel.a(mutex.c.obj)
                0x00003d70                z_impl_k_mutex_unlock
 .text.z_reset_time_slice
                0x00003dfc       0x2c zephyr/kernel/libkernel.a(sched.c.obj)
                0x00003dfc                z_reset_time_slice
 .text.k_sched_time_slice_set
                0x00003e28       0x58 zephyr/kernel/libkernel.a(sched.c.obj)
                0x00003e28                k_sched_time_slice_set
 .text.z_reschedule
                0x00003e80       0x24 zephyr/kernel/libkernel.a(sched.c.obj)
                0x00003e80                z_reschedule
 .text.k_sched_lock
                0x00003ea4       0x28 zephyr/kernel/libkernel.a(sched.c.obj)
                0x00003ea4                k_sched_lock
 .text.z_priq_dumb_remove
                0x00003ecc       0x2c zephyr/kernel/libkernel.a(sched.c.obj)
                0x00003ecc                z_priq_dumb_remove
 .text.update_cache
                0x00003ef8       0x50 zephyr/kernel/libkernel.a(sched.c.obj)
 .text.k_sched_unlock
                0x00003f48       0x38 zephyr/kernel/libkernel.a(sched.c.obj)
                0x00003f48                k_sched_unlock
 .text.ready_thread
                0x00003f80       0x70 zephyr/kernel/libkernel.a(sched.c.obj)
 .text.z_sched_start
                0x00003ff0       0x3c zephyr/kernel/libkernel.a(sched.c.obj)
                0x00003ff0                z_sched_start
 .text.move_thread_to_end_of_prio_q
                0x0000402c       0x74 zephyr/kernel/libkernel.a(sched.c.obj)
 .text.z_time_slice
                0x000040a0       0x84 zephyr/kernel/libkernel.a(sched.c.obj)
                0x000040a0                z_time_slice
 .text.z_impl_k_thread_suspend
                0x00004124       0x68 zephyr/kernel/libkernel.a(sched.c.obj)
                0x00004124                z_impl_k_thread_suspend
 .text.z_thread_single_abort
                0x0000418c      0x104 zephyr/kernel/libkernel.a(sched.c.obj)
                0x0000418c                z_thread_single_abort
 .text.unready_thread
                0x00004290       0x34 zephyr/kernel/libkernel.a(sched.c.obj)
 .text.pend     0x000042c4       0x4c zephyr/kernel/libkernel.a(sched.c.obj)
 .text.z_pend_curr
                0x00004310       0x28 zephyr/kernel/libkernel.a(sched.c.obj)
                0x00004310                z_pend_curr
 .text.z_tick_sleep.part.0
                0x00004338       0x74 zephyr/kernel/libkernel.a(sched.c.obj)
 .text.z_set_prio
                0x000043ac       0x88 zephyr/kernel/libkernel.a(sched.c.obj)
                0x000043ac                z_set_prio
 .text.z_sched_init
                0x00004434       0x18 zephyr/kernel/libkernel.a(sched.c.obj)
                0x00004434                z_sched_init
 .text.z_impl_k_yield
                0x0000444c       0x9c zephyr/kernel/libkernel.a(sched.c.obj)
                0x0000444c                z_impl_k_yield
 .text.z_impl_k_sleep
                0x000044e8       0x44 zephyr/kernel/libkernel.a(sched.c.obj)
                0x000044e8                z_impl_k_sleep
 .text.z_impl_k_current_get
                0x0000452c        0xc zephyr/kernel/libkernel.a(sched.c.obj)
                0x0000452c                z_impl_k_current_get
 .text.z_impl_k_sem_give
                0x00004538       0x40 zephyr/kernel/libkernel.a(sem.c.obj)
                0x00004538                z_impl_k_sem_give
 .text.z_impl_k_sem_take
                0x00004578       0x54 zephyr/kernel/libkernel.a(sem.c.obj)
                0x00004578                z_impl_k_sem_take
 .text.z_setup_new_thread
                0x000045cc       0x64 zephyr/kernel/libkernel.a(thread.c.obj)
                0x000045cc                z_setup_new_thread
 .text.z_impl_k_thread_create
                0x00004630       0x58 zephyr/kernel/libkernel.a(thread.c.obj)
                0x00004630                z_impl_k_thread_create
 .text.z_init_static_threads
                0x00004688       0xbc zephyr/kernel/libkernel.a(thread.c.obj)
                0x00004688                z_init_static_threads
 .text.z_self_abort
                0x00004744       0x28 zephyr/kernel/libkernel.a(thread_abort.c.obj)
                0x00004744                z_self_abort
 .text.boot_banner
                0x0000476c       0x18 zephyr/kernel/libkernel.a(banner.c.obj)
                0x0000476c                boot_banner
 .text.z_data_copy
                0x00004784       0x34 zephyr/kernel/libkernel.a(xip.c.obj)
                0x00004784                z_data_copy
 .text.elapsed  0x000047b8       0x14 zephyr/kernel/libkernel.a(timeout.c.obj)
 .text.remove_timeout
                0x000047cc       0x34 zephyr/kernel/libkernel.a(timeout.c.obj)
 .text.next_timeout
                0x00004800       0x58 zephyr/kernel/libkernel.a(timeout.c.obj)
 .text.z_add_timeout
                0x00004858      0x120 zephyr/kernel/libkernel.a(timeout.c.obj)
                0x00004858                z_add_timeout
 .text.z_clock_announce
                0x00004978       0xd8 zephyr/kernel/libkernel.a(timeout.c.obj)
                0x00004978                z_clock_announce
 .text.z_tick_get
                0x00004a50       0x34 zephyr/kernel/libkernel.a(timeout.c.obj)
                0x00004a50                z_tick_get
 .text.z_timer_expiration_handler
                0x00004a84       0x4c zephyr/kernel/libkernel.a(timer.c.obj)
                0x00004a84                z_timer_expiration_handler
 .text.z_impl_k_timer_start
                0x00004ad0       0xb8 zephyr/kernel/libkernel.a(timer.c.obj)
                0x00004ad0                z_impl_k_timer_start
 .text.statics_init
                0x00004b88       0x24 zephyr/kernel/libkernel.a(kheap.c.obj)
 .text.nrf_cc3xx_platform_init_no_rng
                0x00004bac       0x38 C:/Users/eivin/ncs/v1.5.0/nrfxlib/crypto/nrf_cc310_platform/lib/cortex-m4/soft-float/no-interrupts/libnrf_cc310_platform_0.9.7.a(nrf_cc3xx_platform.c.obj)
                0x00004bac                nrf_cc3xx_platform_init_no_rng
 .text.nrf_cc3xx_platform_abort
                0x00004be4       0x24 C:/Users/eivin/ncs/v1.5.0/nrfxlib/crypto/nrf_cc310_platform/lib/cortex-m4/soft-float/no-interrupts/libnrf_cc310_platform_0.9.7.a(nrf_cc3xx_platform_abort.c.obj)
 .text.CC_PalAbort
                0x00004c08       0x40 C:/Users/eivin/ncs/v1.5.0/nrfxlib/crypto/nrf_cc310_platform/lib/cortex-m4/soft-float/no-interrupts/libnrf_cc310_platform_0.9.7.a(nrf_cc3xx_platform_abort.c.obj)
                0x00004c08                CC_PalAbort
 .text.nrf_cc3xx_platform_set_abort
                0x00004c48       0x10 C:/Users/eivin/ncs/v1.5.0/nrfxlib/crypto/nrf_cc310_platform/lib/cortex-m4/soft-float/no-interrupts/libnrf_cc310_platform_0.9.7.a(nrf_cc3xx_platform_abort.c.obj)
                0x00004c48                nrf_cc3xx_platform_set_abort
 .text.mutex_unlock
                0x00004c58       0x20 C:/Users/eivin/ncs/v1.5.0/nrfxlib/crypto/nrf_cc310_platform/lib/cortex-m4/soft-float/no-interrupts/libnrf_cc310_platform_0.9.7.a(nrf_cc3xx_platform_mutex.c.obj)
 .text.mutex_free
                0x00004c78       0x24 C:/Users/eivin/ncs/v1.5.0/nrfxlib/crypto/nrf_cc310_platform/lib/cortex-m4/soft-float/no-interrupts/libnrf_cc310_platform_0.9.7.a(nrf_cc3xx_platform_mutex.c.obj)
 .text.mutex_init
                0x00004c9c       0x20 C:/Users/eivin/ncs/v1.5.0/nrfxlib/crypto/nrf_cc310_platform/lib/cortex-m4/soft-float/no-interrupts/libnrf_cc310_platform_0.9.7.a(nrf_cc3xx_platform_mutex.c.obj)
 .text.mutex_lock
                0x00004cbc       0x38 C:/Users/eivin/ncs/v1.5.0/nrfxlib/crypto/nrf_cc310_platform/lib/cortex-m4/soft-float/no-interrupts/libnrf_cc310_platform_0.9.7.a(nrf_cc3xx_platform_mutex.c.obj)
 .text.nrf_cc3xx_platform_set_mutexes
                0x00004cf4       0x38 C:/Users/eivin/ncs/v1.5.0/nrfxlib/crypto/nrf_cc310_platform/lib/cortex-m4/soft-float/no-interrupts/libnrf_cc310_platform_0.9.7.a(nrf_cc3xx_platform_mutex.c.obj)
                0x00004cf4                nrf_cc3xx_platform_set_mutexes
 .text.CC_LibInitNoRng
                0x00004d2c       0x6c C:/Users/eivin/ncs/v1.5.0/nrfxlib/crypto/nrf_cc310_platform/lib/cortex-m4/soft-float/no-interrupts/libnrf_cc310_platform_0.9.7.a(cc_lib.c.obj)
                0x00004d2c                CC_LibInitNoRng
 .text.CC_HalInit
                0x00004d98        0x4 C:/Users/eivin/ncs/v1.5.0/nrfxlib/crypto/nrf_cc310_platform/lib/cortex-m4/soft-float/no-interrupts/libnrf_cc310_platform_0.9.7.a(cc_hal.c.obj)
                0x00004d98                CC_HalInit
 .text.CC_HalTerminate
                0x00004d9c        0x4 C:/Users/eivin/ncs/v1.5.0/nrfxlib/crypto/nrf_cc310_platform/lib/cortex-m4/soft-float/no-interrupts/libnrf_cc310_platform_0.9.7.a(cc_hal.c.obj)
                0x00004d9c                CC_HalTerminate
 .text.CC_HalMaskInterrupt
                0x00004da0        0xc C:/Users/eivin/ncs/v1.5.0/nrfxlib/crypto/nrf_cc310_platform/lib/cortex-m4/soft-float/no-interrupts/libnrf_cc310_platform_0.9.7.a(cc_hal.c.obj)
                0x00004da0                CC_HalMaskInterrupt
 .text.CC_PalInit
                0x00004dac       0x5c C:/Users/eivin/ncs/v1.5.0/nrfxlib/crypto/nrf_cc310_platform/lib/cortex-m4/soft-float/no-interrupts/libnrf_cc310_platform_0.9.7.a(cc_pal.c.obj)
                0x00004dac                CC_PalInit
 .text.CC_PalTerminate
                0x00004e08       0x34 C:/Users/eivin/ncs/v1.5.0/nrfxlib/crypto/nrf_cc310_platform/lib/cortex-m4/soft-float/no-interrupts/libnrf_cc310_platform_0.9.7.a(cc_pal.c.obj)
                0x00004e08                CC_PalTerminate
 .text.CC_PalDmaInit
                0x00004e3c        0x4 C:/Users/eivin/ncs/v1.5.0/nrfxlib/crypto/nrf_cc310_platform/lib/cortex-m4/soft-float/no-interrupts/libnrf_cc310_platform_0.9.7.a(cc_pal_dma.c.obj)
                0x00004e3c                CC_PalDmaInit
 .text.CC_PalDmaTerminate
                0x00004e40        0x4 C:/Users/eivin/ncs/v1.5.0/nrfxlib/crypto/nrf_cc310_platform/lib/cortex-m4/soft-float/no-interrupts/libnrf_cc310_platform_0.9.7.a(cc_pal_dma.c.obj)
                0x00004e40                CC_PalDmaTerminate
 .text.CC_PalMutexCreate
                0x00004e44       0x14 C:/Users/eivin/ncs/v1.5.0/nrfxlib/crypto/nrf_cc310_platform/lib/cortex-m4/soft-float/no-interrupts/libnrf_cc310_platform_0.9.7.a(cc_pal_mutex.c.obj)
                0x00004e44                CC_PalMutexCreate
 .text.CC_PalMutexDestroy
                0x00004e58       0x14 C:/Users/eivin/ncs/v1.5.0/nrfxlib/crypto/nrf_cc310_platform/lib/cortex-m4/soft-float/no-interrupts/libnrf_cc310_platform_0.9.7.a(cc_pal_mutex.c.obj)
                0x00004e58                CC_PalMutexDestroy
 .text.CC_PalPowerSaveModeInit
                0x00004e6c       0x3c C:/Users/eivin/ncs/v1.5.0/nrfxlib/crypto/nrf_cc310_platform/lib/cortex-m4/soft-float/no-interrupts/libnrf_cc310_platform_0.9.7.a(cc_pal_pm.c.obj)
                0x00004e6c                CC_PalPowerSaveModeInit
 .text.CC_PalPowerSaveModeSelect
                0x00004ea8       0x84 C:/Users/eivin/ncs/v1.5.0/nrfxlib/crypto/nrf_cc310_platform/lib/cortex-m4/soft-float/no-interrupts/libnrf_cc310_platform_0.9.7.a(cc_pal_pm.c.obj)
                0x00004ea8                CC_PalPowerSaveModeSelect
 .text.z_impl_uart_irq_tx_enable
                0x00004f2c        0xa app/libapp.a(uart_fw.c.obj)
 .text.fifo_gen_init
                0x00004f36       0x10 app/libapp.a(fifo_gen.c.obj)
                0x00004f36                fifo_gen_init
 .text.sys_notify_validate
                0x00004f46       0x22 zephyr/libzephyr.a(notify.c.obj)
                0x00004f46                sys_notify_validate
 .text.sys_notify_finalize
                0x00004f68       0x1a zephyr/libzephyr.a(notify.c.obj)
                0x00004f68                sys_notify_finalize
 .text.arch_printk_char_out
                0x00004f82        0x4 zephyr/libzephyr.a(printk.c.obj)
                0x00004f82                arch_printk_char_out
 .text.str_out  0x00004f86       0x26 zephyr/libzephyr.a(printk.c.obj)
 .text.printk   0x00004fac       0x1a zephyr/libzephyr.a(printk.c.obj)
                0x00004fac                printk
 .text.snprintk
                0x00004fc6       0x1a zephyr/libzephyr.a(printk.c.obj)
                0x00004fc6                snprintk
 .text.process_recheck
                0x00004fe0       0x38 zephyr/libzephyr.a(onoff.c.obj)
 .text.notify_one
                0x00005018       0x2c zephyr/libzephyr.a(onoff.c.obj)
 .text.transition_complete
                0x00005044       0x1c zephyr/libzephyr.a(onoff.c.obj)
 .text.validate_args
                0x00005060       0x1e zephyr/libzephyr.a(onoff.c.obj)
 .text.onoff_manager_init
                0x0000507e       0x26 zephyr/libzephyr.a(onoff.c.obj)
                0x0000507e                onoff_manager_init
 .text.onoff_request
                0x000050a4       0x92 zephyr/libzephyr.a(onoff.c.obj)
                0x000050a4                onoff_request
 .text.z_thread_entry
                0x00005136       0x14 zephyr/libzephyr.a(thread_entry.c.obj)
                0x00005136                z_thread_entry
 .text.chunk_field
                0x0000514a       0x16 zephyr/libzephyr.a(heap.c.obj)
 .text.chunk_set
                0x00005160       0x16 zephyr/libzephyr.a(heap.c.obj)
 .text.chunk_size
                0x00005176        0xc zephyr/libzephyr.a(heap.c.obj)
 .text.set_chunk_used
                0x00005182       0x30 zephyr/libzephyr.a(heap.c.obj)
 .text.set_chunk_size
                0x000051b2        0x8 zephyr/libzephyr.a(heap.c.obj)
 .text.bucket_idx
                0x000051ba       0x1a zephyr/libzephyr.a(heap.c.obj)
 .text.free_list_add
                0x000051d4       0x8a zephyr/libzephyr.a(heap.c.obj)
 .text.sys_heap_init
                0x0000525e       0xa4 zephyr/libzephyr.a(heap.c.obj)
                0x0000525e                sys_heap_init
 .text.encode_uint
                0x00005302       0x96 zephyr/libzephyr.a(cbprintf_complete.c.obj)
 .text.outs     0x00005398       0x2c zephyr/libzephyr.a(cbprintf_complete.c.obj)
 .text._ConfigAbsSyms
                0x000053c4        0x2 zephyr/libzephyr.a(configs.c.obj)
                0x000053c4                _ConfigAbsSyms
 .text.log_list_init
                0x000053c6        0x8 zephyr/libzephyr.a(log_list.c.obj)
                0x000053c6                log_list_init
 .text.log_list_add_tail
                0x000053ce       0x14 zephyr/libzephyr.a(log_list.c.obj)
                0x000053ce                log_list_add_tail
 .text.log_list_head_peek
                0x000053e2        0x4 zephyr/libzephyr.a(log_list.c.obj)
                0x000053e2                log_list_head_peek
 .text.log_list_head_get
                0x000053e6        0xc zephyr/libzephyr.a(log_list.c.obj)
                0x000053e6                log_list_head_get
 .text.z_log_msg_std_alloc
                0x000053f2       0x12 zephyr/libzephyr.a(log_core.c.obj)
 .text.k_cycle_get_32_wrapper
                0x00005404        0x4 zephyr/libzephyr.a(log_core.c.obj)
 .text.dummy_timestamp
                0x00005408        0x4 zephyr/libzephyr.a(log_core.c.obj)
 .text.z_log_get_s_mask
                0x0000540c       0x40 zephyr/libzephyr.a(log_core.c.obj)
                0x0000540c                z_log_get_s_mask
 .text.log_0    0x0000544c       0x1a zephyr/libzephyr.a(log_core.c.obj)
                0x0000544c                log_0
 .text.log_1    0x00005466       0x28 zephyr/libzephyr.a(log_core.c.obj)
                0x00005466                log_1
 .text.log_2    0x0000548e       0x32 zephyr/libzephyr.a(log_core.c.obj)
                0x0000548e                log_2
 .text.log_3    0x000054c0       0x38 zephyr/libzephyr.a(log_core.c.obj)
                0x000054c0                log_3
 .text.log_n    0x000054f8       0x16 zephyr/libzephyr.a(log_core.c.obj)
                0x000054f8                log_n
 .text.log_msg_hexdump_data_op
                0x0000550e       0xac zephyr/libzephyr.a(log_msg.c.obj)
 .text.log_msg_get
                0x000055ba       0x1a zephyr/libzephyr.a(log_msg.c.obj)
                0x000055ba                log_msg_get
 .text.log_msg_nargs_get
                0x000055d4        0x6 zephyr/libzephyr.a(log_msg.c.obj)
                0x000055d4                log_msg_nargs_get
 .text.log_msg_arg_get
                0x000055da       0x3e zephyr/libzephyr.a(log_msg.c.obj)
                0x000055da                log_msg_arg_get
 .text.log_msg_put
                0x00005618       0x26 zephyr/libzephyr.a(log_msg.c.obj)
                0x00005618                log_msg_put
 .text.log_msg_str_get
                0x0000563e        0x4 zephyr/libzephyr.a(log_msg.c.obj)
                0x0000563e                log_msg_str_get
 .text.log_msg_create_n
                0x00005642       0xa8 zephyr/libzephyr.a(log_msg.c.obj)
                0x00005642                log_msg_create_n
 .text.log_msg_hexdump_data_get
                0x000056ea        0xe zephyr/libzephyr.a(log_msg.c.obj)
                0x000056ea                log_msg_hexdump_data_get
 .text.buffer_write
                0x000056f8       0x1a zephyr/libzephyr.a(log_output.c.obj)
 .text.std_print
                0x00005712      0x2ba zephyr/libzephyr.a(log_output.c.obj)
 .text.log_output_flush
                0x000059cc       0x1a zephyr/libzephyr.a(log_output.c.obj)
                0x000059cc                log_output_flush
 .text.out_func
                0x000059e6       0x36 zephyr/libzephyr.a(log_output.c.obj)
 .text.get_status
                0x00005a1c       0x12 zephyr/libzephyr.a(clock_control_nrf.c.obj)
 .text.set_off_state
                0x00005a2e       0x32 zephyr/libzephyr.a(clock_control_nrf.c.obj)
 .text.set_starting_state
                0x00005a60       0x3c zephyr/libzephyr.a(clock_control_nrf.c.obj)
 .text.set_on_state
                0x00005a9c       0x26 zephyr/libzephyr.a(clock_control_nrf.c.obj)
 .text.onoff_started_callback
                0x00005ac2       0x12 zephyr/libzephyr.a(clock_control_nrf.c.obj)
 .text.lfclk_start
                0x00005ad4        0x6 zephyr/libzephyr.a(clock_control_nrf.c.obj)
 .text.lfclk_stop
                0x00005ada        0x6 zephyr/libzephyr.a(clock_control_nrf.c.obj)
 .text.blocking_start_callback
                0x00005ae0        0x6 zephyr/libzephyr.a(clock_control_nrf.c.obj)
 .text.api_stop
                0x00005ae6       0x28 zephyr/libzephyr.a(clock_control_nrf.c.obj)
 .text.api_start
                0x00005b0e       0x34 zephyr/libzephyr.a(clock_control_nrf.c.obj)
 .text.z_clock_isr
                0x00005b42        0x2 zephyr/libzephyr.a(sys_clock_init.c.obj)
                0x00005b42                z_clock_isr
 .text.z_clock_idle_exit
                0x00005b44        0x2 zephyr/libzephyr.a(sys_clock_init.c.obj)
                0x00005b44                z_clock_idle_exit
 .text.sys_clock_disable
                0x00005b46        0x2 zephyr/libzephyr.a(sys_clock_init.c.obj)
                0x00005b46                sys_clock_disable
 .text.abort_function
                0x00005b48        0x6 zephyr/libzephyr.a(nrf_cc3xx_platform_abort_zephyr.c.obj)
 .text.z_irq_spurious
                0x00005b4e        0x8 zephyr/arch/arch/arm/core/aarch32/libarch__arm__core__aarch32.a(irq_manage.c.obj)
                0x00005b4e                z_irq_spurious
 .text.z_do_kernel_oops
                0x00005b56        0x8 zephyr/arch/arch/arm/core/aarch32/libarch__arm__core__aarch32.a(fatal.c.obj)
                0x00005b56                z_do_kernel_oops
 .text.z_arm_nmi
                0x00005b5e        0xe zephyr/arch/arch/arm/core/aarch32/libarch__arm__core__aarch32.a(nmi.c.obj)
                0x00005b5e                z_arm_nmi
 .text.strncpy  0x00005b6c       0x26 zephyr/lib/libc/minimal/liblib__libc__minimal.a(string.c.obj)
                0x00005b6c                strncpy
 .text.strlen   0x00005b92        0xe zephyr/lib/libc/minimal/liblib__libc__minimal.a(string.c.obj)
                0x00005b92                strlen
 .text.strnlen  0x00005ba0       0x12 zephyr/lib/libc/minimal/liblib__libc__minimal.a(string.c.obj)
                0x00005ba0                strnlen
 .text.strcmp   0x00005bb2       0x18 zephyr/lib/libc/minimal/liblib__libc__minimal.a(string.c.obj)
                0x00005bb2                strcmp
 .text.memcpy   0x00005bca       0x56 zephyr/lib/libc/minimal/liblib__libc__minimal.a(string.c.obj)
                0x00005bca                memcpy
 .text.memset   0x00005c20       0x46 zephyr/lib/libc/minimal/liblib__libc__minimal.a(string.c.obj)
                0x00005c20                memset
 .text._stdout_hook_default
                0x00005c66        0x6 zephyr/lib/libc/minimal/liblib__libc__minimal.a(stdout_console.c.obj)
 .text.z_platform_init
                0x00005c6c        0x4 zephyr/soc/arm/nordic_nrf/nrf52/libsoc__arm__nordic_nrf__nrf52.a(soc.c.obj)
                0x00005c6c                z_platform_init
 .text.gpio_fire_callbacks
                0x00005c70       0x30 zephyr/drivers/gpio/libdrivers__gpio.a(gpio_nrfx.c.obj)
 .text.gpio_nrfx_port_get_raw
                0x00005ca0        0xe zephyr/drivers/gpio/libdrivers__gpio.a(gpio_nrfx.c.obj)
 .text.gpio_nrfx_port_set_masked_raw
                0x00005cae       0x16 zephyr/drivers/gpio/libdrivers__gpio.a(gpio_nrfx.c.obj)
 .text.gpio_nrfx_port_set_bits_raw
                0x00005cc4        0xc zephyr/drivers/gpio/libdrivers__gpio.a(gpio_nrfx.c.obj)
 .text.gpio_nrfx_port_clear_bits_raw
                0x00005cd0        0xc zephyr/drivers/gpio/libdrivers__gpio.a(gpio_nrfx.c.obj)
 .text.gpio_nrfx_port_toggle_bits
                0x00005cdc       0x12 zephyr/drivers/gpio/libdrivers__gpio.a(gpio_nrfx.c.obj)
 .text.gpio_nrfx_manage_callback
                0x00005cee       0x56 zephyr/drivers/gpio/libdrivers__gpio.a(gpio_nrfx.c.obj)
 .text.check_level_trigger_pins
                0x00005d44       0x52 zephyr/drivers/gpio/libdrivers__gpio.a(gpio_nrfx.c.obj)
 .text.cfg_level_pins
                0x00005d96       0x4c zephyr/drivers/gpio/libdrivers__gpio.a(gpio_nrfx.c.obj)
 .text.uarte_nrfx_isr_int
                0x00005de2       0x7e zephyr/drivers/serial/libdrivers__serial.a(uart_nrfx_uarte.c.obj)
 .text.uarte_nrfx_config_get
                0x00005e60       0x10 zephyr/drivers/serial/libdrivers__serial.a(uart_nrfx_uarte.c.obj)
 .text.uarte_nrfx_err_check
                0x00005e70        0xe zephyr/drivers/serial/libdrivers__serial.a(uart_nrfx_uarte.c.obj)
 .text.is_tx_ready
                0x00005e7e       0x1e zephyr/drivers/serial/libdrivers__serial.a(uart_nrfx_uarte.c.obj)
 .text.uarte_nrfx_poll_in
                0x00005e9c       0x26 zephyr/drivers/serial/libdrivers__serial.a(uart_nrfx_uarte.c.obj)
 .text.uarte_nrfx_fifo_fill
                0x00005ec2       0x98 zephyr/drivers/serial/libdrivers__serial.a(uart_nrfx_uarte.c.obj)
 .text.uarte_nrfx_fifo_read
                0x00005f5a       0x22 zephyr/drivers/serial/libdrivers__serial.a(uart_nrfx_uarte.c.obj)
 .text.uarte_nrfx_irq_tx_enable
                0x00005f7c       0x2e zephyr/drivers/serial/libdrivers__serial.a(uart_nrfx_uarte.c.obj)
 .text.uarte_nrfx_irq_tx_disable
                0x00005faa        0xa zephyr/drivers/serial/libdrivers__serial.a(uart_nrfx_uarte.c.obj)
 .text.uarte_nrfx_irq_tx_ready_complete
                0x00005fb4       0x2a zephyr/drivers/serial/libdrivers__serial.a(uart_nrfx_uarte.c.obj)
 .text.uarte_nrfx_irq_rx_ready
                0x00005fde       0x10 zephyr/drivers/serial/libdrivers__serial.a(uart_nrfx_uarte.c.obj)
 .text.uarte_nrfx_irq_rx_enable
                0x00005fee        0xc zephyr/drivers/serial/libdrivers__serial.a(uart_nrfx_uarte.c.obj)
 .text.uarte_nrfx_irq_rx_disable
                0x00005ffa        0xc zephyr/drivers/serial/libdrivers__serial.a(uart_nrfx_uarte.c.obj)
 .text.uarte_nrfx_irq_err_enable
                0x00006006        0xe zephyr/drivers/serial/libdrivers__serial.a(uart_nrfx_uarte.c.obj)
 .text.uarte_nrfx_irq_err_disable
                0x00006014        0xe zephyr/drivers/serial/libdrivers__serial.a(uart_nrfx_uarte.c.obj)
 .text.uarte_nrfx_irq_update
                0x00006022        0x4 zephyr/drivers/serial/libdrivers__serial.a(uart_nrfx_uarte.c.obj)
 .text.uarte_nrfx_irq_callback_set
                0x00006026        0xa zephyr/drivers/serial/libdrivers__serial.a(uart_nrfx_uarte.c.obj)
 .text.uarte_nrfx_irq_is_pending
                0x00006030       0x36 zephyr/drivers/serial/libdrivers__serial.a(uart_nrfx_uarte.c.obj)
 .text.hw_cc3xx_init
                0x00006066       0x12 modules/nrf/drivers/hw_cc310/lib..__nrf__drivers__hw_cc310.a(hw_cc310.c.obj)
 .text.nrfx_isr
                0x00006078        0x2 modules/hal_nordic/libmodules__hal_nordic.a(nrfx_glue.c.obj)
                0x00006078                nrfx_isr
 .text.nrfx_busy_wait
                0x0000607a        0x4 modules/hal_nordic/libmodules__hal_nordic.a(nrfx_glue.c.obj)
                0x0000607a                nrfx_busy_wait
 .text.nrfx_clock_enable
                0x0000607e       0x14 modules/hal_nordic/libmodules__hal_nordic.a(nrfx_clock.c.obj)
                0x0000607e                nrfx_clock_enable
 .text.z_pm_save_idle_exit
                0x00006092        0x4 zephyr/kernel/libkernel.a(idle.c.obj)
                0x00006092                z_pm_save_idle_exit
 .text.k_mem_slab_init
                0x00006096       0x36 zephyr/kernel/libkernel.a(mem_slab.c.obj)
                0x00006096                k_mem_slab_init
 .text.z_impl_k_mutex_init
                0x000060cc        0xe zephyr/kernel/libkernel.a(mutex.c.obj)
                0x000060cc                z_impl_k_mutex_init
 .text.z_find_first_thread_to_unpend
                0x000060da       0x20 zephyr/kernel/libkernel.a(sched.c.obj)
                0x000060da                z_find_first_thread_to_unpend
 .text.z_unpend_thread_no_timeout
                0x000060fa       0x20 zephyr/kernel/libkernel.a(sched.c.obj)
                0x000060fa                z_unpend_thread_no_timeout
 .text.z_reschedule_irqlock
                0x0000611a       0x18 zephyr/kernel/libkernel.a(sched.c.obj)
                0x0000611a                z_reschedule_irqlock
 .text.z_reschedule_unlocked
                0x00006132       0x14 zephyr/kernel/libkernel.a(sched.c.obj)
 .text.unpend_thread_no_timeout
                0x00006146       0x18 zephyr/kernel/libkernel.a(sched.c.obj)
 .text.z_priq_dumb_best
                0x0000615e       0x14 zephyr/kernel/libkernel.a(sched.c.obj)
                0x0000615e                z_priq_dumb_best
 .text.z_ready_thread
                0x00006172       0x20 zephyr/kernel/libkernel.a(sched.c.obj)
                0x00006172                z_ready_thread
 .text.z_thread_timeout
                0x00006192       0x40 zephyr/kernel/libkernel.a(sched.c.obj)
                0x00006192                z_thread_timeout
 .text.add_to_waitq_locked
                0x000061d2       0x56 zephyr/kernel/libkernel.a(sched.c.obj)
 .text.z_unpend_first_thread
                0x00006228       0x4a zephyr/kernel/libkernel.a(sched.c.obj)
                0x00006228                z_unpend_first_thread
 .text.k_is_in_isr
                0x00006272        0xc zephyr/kernel/libkernel.a(thread.c.obj)
                0x00006272                k_is_in_isr
 .text.z_impl_k_busy_wait
                0x0000627e        0x8 zephyr/kernel/libkernel.a(thread.c.obj)
                0x0000627e                z_impl_k_busy_wait
 .text.z_impl_k_thread_name_set
                0x00006286        0x6 zephyr/kernel/libkernel.a(thread.c.obj)
                0x00006286                z_impl_k_thread_name_set
 .text.k_thread_name_get
                0x0000628c        0x4 zephyr/kernel/libkernel.a(thread.c.obj)
                0x0000628c                k_thread_name_get
 .text.z_abort_timeout
                0x00006290       0x2c zephyr/kernel/libkernel.a(timeout.c.obj)
                0x00006290                z_abort_timeout
 .text.z_get_next_timeout_expiry
                0x000062bc       0x20 zephyr/kernel/libkernel.a(timeout.c.obj)
                0x000062bc                z_get_next_timeout_expiry
 .text.z_set_timeout_expiry
                0x000062dc       0x34 zephyr/kernel/libkernel.a(timeout.c.obj)
                0x000062dc                z_set_timeout_expiry
 .text.z_tick_get_32
                0x00006310        0x8 zephyr/kernel/libkernel.a(timeout.c.obj)
                0x00006310                z_tick_get_32
 .text.k_timer_init
                0x00006318       0x18 zephyr/kernel/libkernel.a(timer.c.obj)
                0x00006318                k_timer_init
 .text.z_impl_k_timer_stop
                0x00006330       0x44 zephyr/kernel/libkernel.a(timer.c.obj)
                0x00006330                z_impl_k_timer_stop
 .text.k_heap_init
                0x00006374       0x10 zephyr/kernel/libkernel.a(kheap.c.obj)
                0x00006374                k_heap_init
 .text._OffsetAbsSyms
                0x00006384        0x2 zephyr/CMakeFiles/offsets.dir/./arch/arm/core/offsets/offsets.c.obj
                0x00006384                _OffsetAbsSyms
 *(SORT_BY_ALIGNMENT(.TEXT.*))
 *(SORT_BY_ALIGNMENT(.gnu.linkonce.t.*))
 *(SORT_BY_ALIGNMENT(.glue_7t))
 .glue_7t       0x00006386        0x0 linker stubs
 *(SORT_BY_ALIGNMENT(.glue_7))
 .glue_7        0x00006386        0x0 linker stubs
 *(SORT_BY_ALIGNMENT(.vfp11_veneer))
 .vfp11_veneer  0x00006386        0x0 linker stubs
 *(SORT_BY_ALIGNMENT(.v4_bx))
 .v4_bx         0x00006386        0x0 linker stubs
                0x00006386                _image_text_end = .

.ARM.exidx      0x00006388        0x8
                0x00006388                __exidx_start = .
 *(SORT_BY_ALIGNMENT(.ARM.exidx*) SORT_BY_ALIGNMENT(gnu.linkonce.armexidx.*))
 .ARM.exidx     0x00006388        0x8 c:/users/eivin/ncs/v1.5.0/toolchain/opt/bin/../lib/gcc/arm-none-eabi/9.2.1/thumb/v7e-m/nofp\libgcc.a(_udivmoddi4.o)
                0x00006390                __exidx_end = .
                0x00006390                _image_rodata_start = .

initlevel       0x00006390       0x70
                0x00006390                __init_start = .
                0x00006390                __init_PRE_KERNEL_1_start = .
 *(SORT_BY_NAME(SORT_BY_ALIGNMENT(.init_PRE_KERNEL_1[0-9]*)))
 .init_PRE_KERNEL_10
                0x00006390        0x8 zephyr/soc/arm/nordic_nrf/nrf52/libsoc__arm__nordic_nrf__nrf52.a(soc.c.obj)
 .init_PRE_KERNEL_130
                0x00006398        0x8 zephyr/kernel/libkernel.a(mem_slab.c.obj)
 .init_PRE_KERNEL_130
                0x000063a0        0x8 zephyr/kernel/libkernel.a(kheap.c.obj)
 .init_PRE_KERNEL_140
                0x000063a8        0x8 zephyr/arch/arch/arm/core/aarch32/cortex_m/mpu/libarch__arm__core__aarch32__cortex_m__mpu.a(arm_mpu.c.obj)
 .init_PRE_KERNEL_150
                0x000063b0        0x8 zephyr/libzephyr.a(clock_control_nrf.c.obj)
 .init_PRE_KERNEL_150
                0x000063b8       0x10 zephyr/drivers/serial/libdrivers__serial.a(uart_nrfx_uarte.c.obj)
 .init_PRE_KERNEL_160
                0x000063c8        0x8 zephyr/libzephyr.a(uart_console.c.obj)
 *(SORT_BY_NAME(SORT_BY_ALIGNMENT(.init_PRE_KERNEL_1[1-9][0-9]*)))
                0x000063d0                __init_PRE_KERNEL_2_start = .
 *(SORT_BY_NAME(SORT_BY_ALIGNMENT(.init_PRE_KERNEL_2[0-9]*)))
 .init_PRE_KERNEL_20
                0x000063d0        0x8 zephyr/libzephyr.a(sys_clock_init.c.obj)
 *(SORT_BY_NAME(SORT_BY_ALIGNMENT(.init_PRE_KERNEL_2[1-9][0-9]*)))
                0x000063d8                __init_POST_KERNEL_start = .
 *(SORT_BY_NAME(SORT_BY_ALIGNMENT(.init_POST_KERNEL[0-9]*)))
 .init_POST_KERNEL0
                0x000063d8        0x8 zephyr/libzephyr.a(log_core.c.obj)
 .init_POST_KERNEL40
                0x000063e0       0x10 zephyr/drivers/gpio/libdrivers__gpio.a(gpio_nrfx.c.obj)
 .init_POST_KERNEL40
                0x000063f0        0x8 modules/nrf/drivers/hw_cc310/lib..__nrf__drivers__hw_cc310.a(hw_cc310.c.obj)
 .init_POST_KERNEL50
                0x000063f8        0x8 zephyr/boards/boards/arm/nrf9160dk_nrf52840/libboards__arm__nrf9160dk_nrf52840.a(board.c.obj)
 *(SORT_BY_NAME(SORT_BY_ALIGNMENT(.init_POST_KERNEL[1-9][0-9]*)))
                0x00006400                __init_APPLICATION_start = .
 *(SORT_BY_NAME(SORT_BY_ALIGNMENT(.init_APPLICATION[0-9]*)))
 *(SORT_BY_NAME(SORT_BY_ALIGNMENT(.init_APPLICATION[1-9][0-9]*)))
                0x00006400                __init_SMP_start = .
 *(SORT_BY_NAME(SORT_BY_ALIGNMENT(.init_SMP[0-9]*)))
 *(SORT_BY_NAME(SORT_BY_ALIGNMENT(.init_SMP[1-9][0-9]*)))
                0x00006400                __init_end = .

sw_isr_table    0x00006400      0x180
                0x00006400                . = ALIGN (0x0)
 *(SORT_BY_ALIGNMENT(.gnu.linkonce.sw_isr_table*))
 .gnu.linkonce.sw_isr_table*
                0x00006400      0x180 zephyr/CMakeFiles/zephyr_final.dir/isr_tables.c.obj
                0x00006400                _sw_isr_table

initlevel_error
                0x00006390        0x0
 *(SORT_BY_NAME(SORT_BY_ALIGNMENT(.init_[_A-Z0-9]*)))
                0x00000001                ASSERT ((SIZEOF (initlevel_error) == 0x0), Undefined initialization levels used.)

app_shmem_regions
                0x00006580        0x0
                0x00006580                __app_shmem_regions_start = .
 *(SORT_BY_NAME(SORT_BY_ALIGNMENT(.app_regions.*)))
                0x00006580                __app_shmem_regions_end = .

bt_l2cap_fixed_chan_area
                0x00006580        0x0
                0x00006580                _bt_l2cap_fixed_chan_list_start = .
 *(SORT_BY_NAME(SORT_BY_ALIGNMENT(._bt_l2cap_fixed_chan.static.*)))
                0x00006580                _bt_l2cap_fixed_chan_list_end = .

bt_gatt_service_static_area
                0x00006580        0x0
                0x00006580                _bt_gatt_service_static_list_start = .
 *(SORT_BY_NAME(SORT_BY_ALIGNMENT(._bt_gatt_service_static.static.*)))
                0x00006580                _bt_gatt_service_static_list_end = .

k_p4wq_initparam_area
                0x00006580        0x0
                0x00006580                _k_p4wq_initparam_list_start = .
 *(SORT_BY_NAME(SORT_BY_ALIGNMENT(._k_p4wq_initparam.static.*)))
                0x00006580                _k_p4wq_initparam_list_end = .

log_const_sections
                0x00006580       0x68
                0x00006580                __log_const_start = .
 *(SORT_BY_NAME(SORT_BY_ALIGNMENT(.log_const_*)))
 .log_const_LoRa_task
                0x00006580        0x8 app/libapp.a(uart_fw_task.c.obj)
                0x00006580                log_const_LoRa_task
 .log_const_board_control
                0x00006588        0x8 zephyr/boards/boards/arm/nrf9160dk_nrf52840/libboards__arm__nrf9160dk_nrf52840.a(board.c.obj)
                0x00006588                log_const_board_control
 .log_const_clock_control
                0x00006590        0x8 zephyr/libzephyr.a(clock_control_nrf.c.obj)
                0x00006590                log_const_clock_control
 .log_const_cslim_uart_fw
                0x00006598        0x8 app/libapp.a(uart_fw.c.obj)
                0x00006598                log_const_cslim_uart_fw
 .log_const_fatal_error
                0x000065a0        0x8 modules/nrf/lib/fatal_error/lib..__nrf__lib__fatal_error.a(fatal_error.c.obj)
                0x000065a0                log_const_fatal_error
 .log_const_fifo_gen
                0x000065a8        0x8 app/libapp.a(fifo_gen.c.obj)
                0x000065a8                log_const_fifo_gen
 .log_const_log
                0x000065b0        0x8 zephyr/libzephyr.a(log_core.c.obj)
                0x000065b0                log_const_log
 .log_const_main
                0x000065b8        0x8 app/libapp.a(main.c.obj)
                0x000065b8                log_const_main
 .log_const_mpu
                0x000065c0        0x8 zephyr/arch/arch/arm/core/aarch32/cortex_m/mpu/libarch__arm__core__aarch32__cortex_m__mpu.a(arm_core_mpu.c.obj)
                0x000065c0                log_const_mpu
 .log_const_os  0x000065c8        0x8 zephyr/kernel/libkernel.a(init.c.obj)
                0x000065c8                log_const_os
 .log_const_power
                0x000065d0        0x8 zephyr/libzephyr.a(power.c.obj)
                0x000065d0                log_const_power
 .log_const_soc
                0x000065d8        0x8 zephyr/soc/arm/nordic_nrf/nrf52/libsoc__arm__nordic_nrf__nrf52.a(soc.c.obj)
                0x000065d8                log_const_soc
 .log_const_uart_nrfx_uarte
                0x000065e0        0x8 zephyr/drivers/serial/libdrivers__serial.a(uart_nrfx_uarte.c.obj)
                0x000065e0                log_const_uart_nrfx_uarte
                0x000065e8                __log_const_end = .

log_backends_sections
                0x000065e8       0x10
                0x000065e8                __log_backends_start = .
 *(SORT_BY_ALIGNMENT(._log_backend.*))
 ._log_backend.static.log_backend_uart
                0x000065e8       0x10 zephyr/libzephyr.a(log_backend_uart.c.obj)
                0x000065f8                __log_backends_end = .

shell_area      0x000065f8        0x0
                0x000065f8                _shell_list_start = .
 *(SORT_BY_NAME(SORT_BY_ALIGNMENT(._shell.static.*)))
                0x000065f8                _shell_list_end = .

shell_root_cmds_sections
                0x000065f8        0x0
                0x000065f8                __shell_root_cmds_start = .
 *(SORT_BY_NAME(SORT_BY_ALIGNMENT(.shell_root_cmd_*)))
                0x000065f8                __shell_root_cmds_end = .

font_entry_sections
                0x000065f8        0x0
                0x000065f8                __font_entry_start = .
 *(SORT_BY_NAME(SORT_BY_ALIGNMENT(._cfb_font.*)))
                0x000065f8                __font_entry_end = .

tracing_backend_area
                0x000065f8        0x0
                0x000065f8                _tracing_backend_list_start = .
 *(SORT_BY_NAME(SORT_BY_ALIGNMENT(._tracing_backend.static.*)))
                0x000065f8                _tracing_backend_list_end = .

tdata           0x000065f8        0x0
 *(SORT_BY_ALIGNMENT(.tdata) SORT_BY_ALIGNMENT(.tdata.*) SORT_BY_ALIGNMENT(.gnu.linkonce.td.*))

tbss            0x000065f8        0x0
 *(SORT_BY_ALIGNMENT(.tbss) SORT_BY_ALIGNMENT(.tbss.*) SORT_BY_ALIGNMENT(.gnu.linkonce.tb.*) SORT_BY_ALIGNMENT(.tcommon))
                [!provide]                PROVIDE (__tdata_start = LOADADDR (tdata))
                [!provide]                PROVIDE (__tdata_size = SIZEOF (tdata))
                [!provide]                PROVIDE (__tdata_end = (__tdata_start + __tdata_size))
                [!provide]                PROVIDE (__tbss_start = LOADADDR (tbss))
                [!provide]                PROVIDE (__tbss_size = SIZEOF (tbss))
                [!provide]                PROVIDE (__tbss_end = (__tbss_start + __tbss_size))
                [!provide]                PROVIDE (__tls_start = __tdata_start)
                [!provide]                PROVIDE (__tls_end = __tbss_end)
                [!provide]                PROVIDE (__tls_size = (__tbss_end - __tdata_start))

rodata          0x00006600      0xcc4
 *(SORT_BY_ALIGNMENT(.rodata))
 .rodata        0x00006600       0x20 zephyr/drivers/serial/libdrivers__serial.a(uart_nrfx_uarte.c.obj)
 *(SORT_BY_ALIGNMENT(.rodata.*))
 .rodata.delay_machine_code.11995
                0x00006620        0x6 zephyr/soc/arm/nordic_nrf/nrf52/libsoc__arm__nordic_nrf__nrf52.a(soc.c.obj)
 *fill*         0x00006626        0x2 
 .rodata.colors
                0x00006628       0x14 zephyr/libzephyr.a(log_output.c.obj)
 .rodata.severity
                0x0000663c       0x14 zephyr/libzephyr.a(log_output.c.obj)
 .rodata.log_backend_uart_api
                0x00006650       0x18 zephyr/libzephyr.a(log_backend_uart.c.obj)
                0x00006650                log_backend_uart_api
 .rodata.log_output_uart
                0x00006668       0x10 zephyr/libzephyr.a(log_backend_uart.c.obj)
 .rodata.clock_control_api
                0x00006678       0x14 zephyr/libzephyr.a(clock_control_nrf.c.obj)
 .rodata.config
                0x0000668c       0x18 zephyr/libzephyr.a(clock_control_nrf.c.obj)
 .rodata.transitions.10390
                0x000066a4        0xc zephyr/libzephyr.a(clock_control_nrf.c.obj)
 .rodata.apis   0x000066b0        0x8 zephyr/libzephyr.a(nrf_cc3xx_platform_abort_zephyr.c.obj)
 .rodata.mutex_apis
                0x000066b8       0x10 zephyr/libzephyr.a(nrf_cc3xx_platform_mutex_zephyr.c.obj)
 .rodata.mutexes
                0x000066c8       0x14 zephyr/libzephyr.a(nrf_cc3xx_platform_mutex_zephyr.c.obj)
 .rodata.static_regions
                0x000066dc        0xc zephyr/arch/arch/arm/core/aarch32/cortex_m/mpu/libarch__arm__core__aarch32__cortex_m__mpu.a(arm_core_mpu.c.obj)
 .rodata.mpu_config
                0x000066e8        0x8 zephyr/soc/arm/common/cortex_m/libsoc__arm__common__cortex_m.a(arm_mpu_regions.c.obj)
                0x000066e8                mpu_config
 .rodata.mpu_regions
                0x000066f0       0x18 zephyr/soc/arm/common/cortex_m/libsoc__arm__common__cortex_m.a(arm_mpu_regions.c.obj)
 .rodata.routing_switches
                0x00006708       0xe0 zephyr/boards/boards/arm/nrf9160dk_nrf52840/libboards__arm__nrf9160dk_nrf52840.a(board.c.obj)
 .rodata.gpio_nrfx_drv_api_funcs
                0x000067e8       0x24 zephyr/drivers/gpio/libdrivers__gpio.a(gpio_nrfx.c.obj)
 .rodata.gpio_nrfx_p0_cfg
                0x0000680c        0xc zephyr/drivers/gpio/libdrivers__gpio.a(gpio_nrfx.c.obj)
 .rodata.gpio_nrfx_p1_cfg
                0x00006818        0xc zephyr/drivers/gpio/libdrivers__gpio.a(gpio_nrfx.c.obj)
 .rodata.uart_nrfx_uarte_driver_api
                0x00006824       0x4c zephyr/drivers/serial/libdrivers__serial.a(uart_nrfx_uarte.c.obj)
 .rodata.uarte_0z_config
                0x00006870        0x8 zephyr/drivers/serial/libdrivers__serial.a(uart_nrfx_uarte.c.obj)
 .rodata.uarte_1z_config
                0x00006878        0x8 zephyr/drivers/serial/libdrivers__serial.a(uart_nrfx_uarte.c.obj)
 .rodata.levels.8958
                0x00006880       0x14 zephyr/kernel/libkernel.a(device.c.obj)
 .rodata._k_neg_eagain
                0x00006894        0x4 zephyr/kernel/libkernel.a(errno.c.obj)
                0x00006894                _k_neg_eagain
 .rodata.CSWTCH.17
                0x00006898       0x14 zephyr/kernel/libkernel.a(fatal.c.obj)
 .rodata.CSWTCH.6
                0x000068ac       0x1c C:/Users/eivin/ncs/v1.5.0/nrfxlib/crypto/nrf_cc310_platform/lib/cortex-m4/soft-float/no-interrupts/libnrf_cc310_platform_0.9.7.a(nrf_cc3xx_platform.c.obj)
 .rodata.mutex_free.str1.4
                0x000068c8       0x26 C:/Users/eivin/ncs/v1.5.0/nrfxlib/crypto/nrf_cc310_platform/lib/cortex-m4/soft-float/no-interrupts/libnrf_cc310_platform_0.9.7.a(nrf_cc3xx_platform_mutex.c.obj)
 *fill*         0x000068ee        0x2 
 .rodata.mutex_init.str1.4
                0x000068f0       0x23 C:/Users/eivin/ncs/v1.5.0/nrfxlib/crypto/nrf_cc310_platform/lib/cortex-m4/soft-float/no-interrupts/libnrf_cc310_platform_0.9.7.a(nrf_cc3xx_platform_mutex.c.obj)
 *fill*         0x00006913        0x1 
 .rodata.CC_PalPowerSaveModeInit.str1.4
                0x00006914       0x20 C:/Users/eivin/ncs/v1.5.0/nrfxlib/crypto/nrf_cc310_platform/lib/cortex-m4/soft-float/no-interrupts/libnrf_cc310_platform_0.9.7.a(cc_pal_pm.c.obj)
 .rodata.main.str1.1
                0x00006934       0x29 app/libapp.a(main.c.obj)
 .rodata.str1.1
                0x0000695d       0x15 app/libapp.a(main.c.obj)
 .rodata.uart_fw_init.str1.1
                0x00006972       0x39 app/libapp.a(uart_fw.c.obj)
 .rodata.str1.1
                0x000069ab        0xe app/libapp.a(uart_fw.c.obj)
 .rodata.str1.1
                0x000069b9        0x9 app/libapp.a(fifo_gen.c.obj)
 .rodata.WLR089U0_ISR.str1.1
                0x000069c2        0x3 app/libapp.a(uart_fw_task.c.obj)
 .rodata.uart_fw_task.str1.1
                0x000069c5       0x1b app/libapp.a(uart_fw_task.c.obj)
 .rodata.str1.1
                0x000069e0        0xa app/libapp.a(uart_fw_task.c.obj)
 .rodata.cbvprintf.str1.1
                0x000069ea        0x6 zephyr/libzephyr.a(cbprintf_complete.c.obj)
 .rodata.enable_logger.str1.1
                0x000069f0        0x8 zephyr/libzephyr.a(log_core.c.obj)
 .rodata.log_strdup.str1.1
                0x000069f8       0x1a zephyr/libzephyr.a(log_core.c.obj)
 .rodata.z_impl_log_process.str1.1
                0x00006a12       0x3f zephyr/libzephyr.a(log_core.c.obj)
 .rodata.str1.1
                0x00006a51        0x4 zephyr/libzephyr.a(log_core.c.obj)
 .rodata.prefix_print.str1.1
                0x00006a55       0x39 zephyr/libzephyr.a(log_output.c.obj)
                                 0x3c (size before relaxing)
 .rodata.postfix_print.str1.1
                0x00006a8e        0x3 zephyr/libzephyr.a(log_output.c.obj)
                                  0x5 (size before relaxing)
 .rodata.hexdump_line_print.str1.1
                0x00006a91        0xc zephyr/libzephyr.a(log_output.c.obj)
                                 0x11 (size before relaxing)
 .rodata.log_output_msg_process.str1.1
                0x00006a9d        0x2 zephyr/libzephyr.a(log_output.c.obj)
 .rodata.log_output_dropped_process.str1.1
                0x00006a9f        0x2 zephyr/libzephyr.a(log_output.c.obj)
                                  0x3 (size before relaxing)
 .rodata.str1.1
                0x00006a9f       0x20 zephyr/libzephyr.a(log_output.c.obj)
 .rodata.postfix.9644
                0x00006abf       0x1c zephyr/libzephyr.a(log_output.c.obj)
 .rodata.prefix.9643
                0x00006adb        0xc zephyr/libzephyr.a(log_output.c.obj)
 .rodata.log_backend_uart_init.str1.1
                0x00006ae7        0x7 zephyr/libzephyr.a(log_backend_uart.c.obj)
 .rodata.str1.1
                0x00006aee       0x11 zephyr/libzephyr.a(log_backend_uart.c.obj)
 .rodata.str1.1
                0x00006aff        0x6 zephyr/libzephyr.a(power.c.obj)
 .rodata.sys_reboot.str1.1
                0x00006b05       0x29 zephyr/libzephyr.a(reboot.c.obj)
 .rodata.uart_console_init.str1.1
                0x00006b2e        0x7 zephyr/libzephyr.a(uart_console.c.obj)
 .rodata.str1.1
                0x00006b2e       0x20 zephyr/libzephyr.a(clock_control_nrf.c.obj)
 .rodata.str1.1
                0x00006b4e        0xa zephyr/libzephyr.a(sys_clock_init.c.obj)
 .rodata.mutex_free_platform.str1.1
                0x00006b58       0x26 zephyr/libzephyr.a(nrf_cc3xx_platform_mutex_zephyr.c.obj)
 .rodata.mutex_init_platform.str1.1
                0x00006b7e       0x2d zephyr/libzephyr.a(nrf_cc3xx_platform_mutex_zephyr.c.obj)
 .rodata.z_arm_fatal_error.str1.1
                0x00006bab       0x9b zephyr/arch/arch/arm/core/aarch32/libarch__arm__core__aarch32.a(fatal.c.obj)
 .rodata.mem_manage_fault.str1.1
                0x00006c46       0xd8 zephyr/arch/arch/arm/core/aarch32/cortex_m/libarch__arm__core__aarch32__cortex_m.a(fault.c.obj)
 .rodata.usage_fault.isra.0.str1.1
                0x00006d1e       0xcd zephyr/arch/arch/arm/core/aarch32/cortex_m/libarch__arm__core__aarch32__cortex_m.a(fault.c.obj)
 .rodata.bus_fault.isra.0.str1.1
                0x00006deb       0x88 zephyr/arch/arch/arm/core/aarch32/cortex_m/libarch__arm__core__aarch32__cortex_m.a(fault.c.obj)
 .rodata.z_arm_fault.str1.1
                0x00006e73       0xf9 zephyr/arch/arch/arm/core/aarch32/cortex_m/libarch__arm__core__aarch32__cortex_m.a(fault.c.obj)
 .rodata.str1.1
                0x00006f6c        0x4 zephyr/arch/arch/arm/core/aarch32/cortex_m/mpu/libarch__arm__core__aarch32__cortex_m__mpu.a(arm_core_mpu.c.obj)
 .rodata.mpu_configure_regions.str1.1
                0x00006f70       0x49 zephyr/arch/arch/arm/core/aarch32/cortex_m/mpu/libarch__arm__core__aarch32__cortex_m__mpu.a(arm_mpu.c.obj)
 .rodata.str1.1
                0x00006fb9        0xf zephyr/soc/arm/common/cortex_m/libsoc__arm__common__cortex_m.a(arm_mpu_regions.c.obj)
 .rodata.str1.1
                0x00006fc8        0x4 zephyr/soc/arm/nordic_nrf/nrf52/libsoc__arm__nordic_nrf__nrf52.a(soc.c.obj)
 .rodata.init.str1.1
                0x00006fcc       0x69 zephyr/boards/boards/arm/nrf9160dk_nrf52840/libboards__arm__nrf9160dk_nrf52840.a(board.c.obj)
 .rodata.str1.1
                0x00007035      0x125 zephyr/boards/boards/arm/nrf9160dk_nrf52840/libboards__arm__nrf9160dk_nrf52840.a(board.c.obj)
 .rodata.str1.1
                0x0000715a        0xe zephyr/drivers/gpio/libdrivers__gpio.a(gpio_nrfx.c.obj)
 .rodata.uarte_instance_init.isra.0.str1.1
                0x00007168       0x1f zephyr/drivers/serial/libdrivers__serial.a(uart_nrfx_uarte.c.obj)
 .rodata.str1.1
                0x00007187       0x10 zephyr/drivers/serial/libdrivers__serial.a(uart_nrfx_uarte.c.obj)
                                 0x1e (size before relaxing)
 .rodata.k_sys_fatal_error_handler.str1.1
                0x00007197       0x11 modules/nrf/lib/fatal_error/lib..__nrf__lib__fatal_error.a(fatal_error.c.obj)
 .rodata.str1.1
                0x000071a8        0xc modules/nrf/lib/fatal_error/lib..__nrf__lib__fatal_error.a(fatal_error.c.obj)
 .rodata.str1.1
                0x000071b4        0xb modules/nrf/drivers/hw_cc310/lib..__nrf__drivers__hw_cc310.a(hw_cc310.c.obj)
 .rodata.CSWTCH.3
                0x000071bf        0x6 modules/hal_nordic/libmodules__hal_nordic.a(system_nrf52840.c.obj)
 .rodata.CSWTCH.7
                0x000071c5        0x6 modules/hal_nordic/libmodules__hal_nordic.a(system_nrf52840.c.obj)
 .rodata.z_fatal_error.str1.1
                0x000071cb       0x77 zephyr/kernel/libkernel.a(fatal.c.obj)
 .rodata.str1.1
                0x00007242       0x4a zephyr/kernel/libkernel.a(fatal.c.obj)
 .rodata.z_cstart.str1.1
                0x0000728c        0x5 zephyr/kernel/libkernel.a(init.c.obj)
 .rodata.str1.1
                0x0000728c        0x3 zephyr/kernel/libkernel.a(init.c.obj)
 .rodata.boot_banner.str1.1
                0x0000728f       0x34 zephyr/kernel/libkernel.a(banner.c.obj)
                                 0x35 (size before relaxing)
 *(SORT_BY_ALIGNMENT(.gnu.linkonce.r.*))
                0x000072c4                . = ALIGN (0x4)
 *fill*         0x000072c3        0x1 
                0x000072c4                _image_rodata_end = .
                0x000072e0                . = ALIGN (_region_min_align)
                0x00008000                . = ALIGN ((0x1 << LOG2CEIL ((_image_rodata_end - _image_rom_start))))
                0x00008000                _image_rom_end = .
                0x20000000                . = 0x20000000
                0x20000000                . = ALIGN (_region_min_align)
                0x20000000                _image_ram_start = .

.ramfunc        0x20000000        0x0 load address 0x000072c4
                0x20000000                . = ALIGN (_region_min_align)
                0x20000000                . = ALIGN ((0x1 << LOG2CEIL (_ramfunc_ram_size)))
                0x20000000                _ramfunc_ram_start = .
 *(SORT_BY_ALIGNMENT(.ramfunc))
 *(SORT_BY_ALIGNMENT(.ramfunc.*))
                0x20000000                . = ALIGN (_region_min_align)
                0x20000000                . = ALIGN ((0x1 << LOG2CEIL (_ramfunc_ram_size)))
                0x20000000                _ramfunc_ram_end = .
                0x00000000                _ramfunc_ram_size = (_ramfunc_ram_end - _ramfunc_ram_start)
                0x000072c4                _ramfunc_rom_start = LOADADDR (.ramfunc)

datas           0x20000000       0xf0 load address 0x000072c4
                0x20000000                __data_ram_start = .
 *(SORT_BY_ALIGNMENT(.data))
 *(SORT_BY_ALIGNMENT(.data.*))
 .data._char_out
                0x20000000        0x4 zephyr/libzephyr.a(printk.c.obj)
                0x20000000                _char_out
 .data.timestamp_func
                0x20000004        0x4 zephyr/libzephyr.a(log_core.c.obj)
 .data.asym_mutex
                0x20000008        0x8 zephyr/libzephyr.a(nrf_cc3xx_platform_mutex_zephyr.c.obj)
 .data.power_mutex
                0x20000010        0x8 zephyr/libzephyr.a(nrf_cc3xx_platform_mutex_zephyr.c.obj)
 .data.rng_mutex
                0x20000018        0x8 zephyr/libzephyr.a(nrf_cc3xx_platform_mutex_zephyr.c.obj)
 .data.sym_mutex
                0x20000020        0x8 zephyr/libzephyr.a(nrf_cc3xx_platform_mutex_zephyr.c.obj)
 .data._stdout_hook
                0x20000028        0x4 zephyr/lib/libc/minimal/liblib__libc__minimal.a(stdout_console.c.obj)
 .data.uarte0_int_driven
                0x2000002c       0x14 zephyr/drivers/serial/libdrivers__serial.a(uart_nrfx_uarte.c.obj)
 .data.uarte1_int_driven
                0x20000040       0x14 zephyr/drivers/serial/libdrivers__serial.a(uart_nrfx_uarte.c.obj)
 .data.uarte_0_data
                0x20000054       0x18 zephyr/drivers/serial/libdrivers__serial.a(uart_nrfx_uarte.c.obj)
 .data.uarte_1_data
                0x2000006c       0x18 zephyr/drivers/serial/libdrivers__serial.a(uart_nrfx_uarte.c.obj)
 .data.SystemCoreClock
                0x20000084        0x4 modules/hal_nordic/libmodules__hal_nordic.a(system_nrf52840.c.obj)
                0x20000084                SystemCoreClock
 .data.timeout_list
                0x20000088        0x8 zephyr/kernel/libkernel.a(timeout.c.obj)
 .data.platform_abort_apis
                0x20000090        0x8 C:/Users/eivin/ncs/v1.5.0/nrfxlib/crypto/nrf_cc310_platform/lib/cortex-m4/soft-float/no-interrupts/libnrf_cc310_platform_0.9.7.a(nrf_cc3xx_platform_abort.c.obj)
                0x20000090                platform_abort_apis
 .data.asym_mutex
                0x20000098        0x8 C:/Users/eivin/ncs/v1.5.0/nrfxlib/crypto/nrf_cc310_platform/lib/cortex-m4/soft-float/no-interrupts/libnrf_cc310_platform_0.9.7.a(nrf_cc3xx_platform_mutex.c.obj)
 .data.platform_mutex_apis
                0x200000a0       0x10 C:/Users/eivin/ncs/v1.5.0/nrfxlib/crypto/nrf_cc310_platform/lib/cortex-m4/soft-float/no-interrupts/libnrf_cc310_platform_0.9.7.a(nrf_cc3xx_platform_mutex.c.obj)
                0x200000a0                platform_mutex_apis
 .data.platform_mutexes
                0x200000b0       0x14 C:/Users/eivin/ncs/v1.5.0/nrfxlib/crypto/nrf_cc310_platform/lib/cortex-m4/soft-float/no-interrupts/libnrf_cc310_platform_0.9.7.a(nrf_cc3xx_platform_mutex.c.obj)
                0x200000b0                platform_mutexes
 .data.power_mutex
                0x200000c4        0x8 C:/Users/eivin/ncs/v1.5.0/nrfxlib/crypto/nrf_cc310_platform/lib/cortex-m4/soft-float/no-interrupts/libnrf_cc310_platform_0.9.7.a(nrf_cc3xx_platform_mutex.c.obj)
 .data.rng_mutex
                0x200000cc        0x8 C:/Users/eivin/ncs/v1.5.0/nrfxlib/crypto/nrf_cc310_platform/lib/cortex-m4/soft-float/no-interrupts/libnrf_cc310_platform_0.9.7.a(nrf_cc3xx_platform_mutex.c.obj)
 .data.sym_mutex
                0x200000d4        0x8 C:/Users/eivin/ncs/v1.5.0/nrfxlib/crypto/nrf_cc310_platform/lib/cortex-m4/soft-float/no-interrupts/libnrf_cc310_platform_0.9.7.a(nrf_cc3xx_platform_mutex.c.obj)
 .data.CCAsymCryptoMutex
                0x200000dc        0x4 C:/Users/eivin/ncs/v1.5.0/nrfxlib/crypto/nrf_cc310_platform/lib/cortex-m4/soft-float/no-interrupts/libnrf_cc310_platform_0.9.7.a(cc_pal.c.obj)
                0x200000dc                CCAsymCryptoMutex
 .data.CCPowerMutex
                0x200000e0        0x4 C:/Users/eivin/ncs/v1.5.0/nrfxlib/crypto/nrf_cc310_platform/lib/cortex-m4/soft-float/no-interrupts/libnrf_cc310_platform_0.9.7.a(cc_pal.c.obj)
                0x200000e0                CCPowerMutex
 .data.CCRndCryptoMutex
                0x200000e4        0x4 C:/Users/eivin/ncs/v1.5.0/nrfxlib/crypto/nrf_cc310_platform/lib/cortex-m4/soft-float/no-interrupts/libnrf_cc310_platform_0.9.7.a(cc_pal.c.obj)
                0x200000e4                CCRndCryptoMutex
 .data.CCSymCryptoMutex
                0x200000e8        0x4 C:/Users/eivin/ncs/v1.5.0/nrfxlib/crypto/nrf_cc310_platform/lib/cortex-m4/soft-float/no-interrupts/libnrf_cc310_platform_0.9.7.a(cc_pal.c.obj)
                0x200000e8                CCSymCryptoMutex
 .data.pCCRndCryptoMutex
                0x200000ec        0x4 C:/Users/eivin/ncs/v1.5.0/nrfxlib/crypto/nrf_cc310_platform/lib/cortex-m4/soft-float/no-interrupts/libnrf_cc310_platform_0.9.7.a(cc_pal.c.obj)
                0x200000ec                pCCRndCryptoMutex
 *(SORT_BY_ALIGNMENT(.kernel.*))
                0x000072c4                __data_rom_start = LOADADDR (datas)

devices         0x200000f0       0x74 load address 0x000073b4
                0x200000f0                __device_start = .
                0x200000f0                __device_PRE_KERNEL_1_start = .
 *(SORT_BY_NAME(SORT_BY_ALIGNMENT(.device_PRE_KERNEL_1[0-9]*)))
 .device_PRE_KERNEL_150
                0x200000f0       0x10 zephyr/libzephyr.a(clock_control_nrf.c.obj)
                0x200000f0                __device_DT_N_S_soc_S_clock_40000000
 .device_PRE_KERNEL_150
                0x20000100       0x20 zephyr/drivers/serial/libdrivers__serial.a(uart_nrfx_uarte.c.obj)
                0x20000100                __device_DT_N_S_soc_S_uart_40028000
                0x20000110                __device_DT_N_S_soc_S_uart_40002000
 *(SORT_BY_NAME(SORT_BY_ALIGNMENT(.device_PRE_KERNEL_1[1-9][0-9]*)))
                0x20000120                __device_PRE_KERNEL_2_start = .
 *(SORT_BY_NAME(SORT_BY_ALIGNMENT(.device_PRE_KERNEL_2[0-9]*)))
 .device_PRE_KERNEL_20
                0x20000120       0x10 zephyr/libzephyr.a(sys_clock_init.c.obj)
 *(SORT_BY_NAME(SORT_BY_ALIGNMENT(.device_PRE_KERNEL_2[1-9][0-9]*)))
                0x20000130                __device_POST_KERNEL_start = .
 *(SORT_BY_NAME(SORT_BY_ALIGNMENT(.device_POST_KERNEL[0-9]*)))
 .device_POST_KERNEL40
                0x20000130       0x20 zephyr/drivers/gpio/libdrivers__gpio.a(gpio_nrfx.c.obj)
                0x20000130                __device_DT_N_S_soc_S_gpio_50000000
                0x20000140                __device_DT_N_S_soc_S_gpio_50000300
 .device_POST_KERNEL40
                0x20000150       0x10 modules/nrf/drivers/hw_cc310/lib..__nrf__drivers__hw_cc310.a(hw_cc310.c.obj)
 *(SORT_BY_NAME(SORT_BY_ALIGNMENT(.device_POST_KERNEL[1-9][0-9]*)))
                0x20000160                __device_APPLICATION_start = .
 *(SORT_BY_NAME(SORT_BY_ALIGNMENT(.device_APPLICATION[0-9]*)))
 *(SORT_BY_NAME(SORT_BY_ALIGNMENT(.device_APPLICATION[1-9][0-9]*)))
                0x20000160                __device_SMP_start = .
 *(SORT_BY_NAME(SORT_BY_ALIGNMENT(.device_SMP[0-9]*)))
 *(SORT_BY_NAME(SORT_BY_ALIGNMENT(.device_SMP[1-9][0-9]*)))
                0x20000160                __device_end = .
 FILL mask 0x00
                0x20000160                __device_init_status_start = .
                0x20000164                . = (. + (((((__device_end - __device_start) / 0x10) + 0x1f) / 0x20) * 0x4))
 *fill*         0x20000160        0x4 00
                0x20000164                __device_init_status_end = .

initshell       0x20000164        0x0 load address 0x00007428
                0x20000164                __shell_module_start = .
 *(SORT_BY_ALIGNMENT(.shell_module_*))
                0x20000164                __shell_module_end = .
                0x20000164                __shell_cmd_start = .
 *(SORT_BY_ALIGNMENT(.shell_cmd_*))
                0x20000164                __shell_cmd_end = .

log_dynamic_sections
                0x20000164        0x0 load address 0x00007428
                0x20000164                __log_dynamic_start = .
 *(SORT_BY_NAME(SORT_BY_ALIGNMENT(.log_dynamic_*)))
                0x20000164                __log_dynamic_end = .

_static_thread_data_area
                0x20000164       0x30 load address 0x00007428
                0x20000164                __static_thread_data_list_start = .
 *(SORT_BY_NAME(SORT_BY_ALIGNMENT(.__static_thread_data.static.*)))
 .__static_thread_data.static._k_thread_data_uart_fw_task_id
                0x20000164       0x30 app/libapp.a(main.c.obj)
                0x20000164                _k_thread_data_uart_fw_task_id
                0x20000194                __static_thread_data_list_end = .

k_timer_area    0x20000194        0x0 load address 0x00007458
                0x20000194                _k_timer_list_start = .
 *(SORT_BY_NAME(SORT_BY_ALIGNMENT(._k_timer.static.*)))
                0x20000194                _k_timer_list_end = .

k_mem_slab_area
                0x20000194        0x0 load address 0x00007458
                0x20000194                _k_mem_slab_list_start = .
 *(SORT_BY_NAME(SORT_BY_ALIGNMENT(._k_mem_slab.static.*)))
                0x20000194                _k_mem_slab_list_end = .

k_mem_pool_area
                0x20000194        0x0 load address 0x00007458
                0x20000194                _k_mem_pool_list_start = .
 *(SORT_BY_NAME(SORT_BY_ALIGNMENT(._k_mem_pool.static.*)))
                0x20000194                _k_mem_pool_list_end = .

k_heap_area     0x20000194        0x0 load address 0x00007458
                0x20000194                _k_heap_list_start = .
 *(SORT_BY_NAME(SORT_BY_ALIGNMENT(._k_heap.static.*)))
                0x20000194                _k_heap_list_end = .

k_mutex_area    0x20000194       0x50 load address 0x00007458
                0x20000194                _k_mutex_list_start = .
 *(SORT_BY_NAME(SORT_BY_ALIGNMENT(._k_mutex.static.*)))
 ._k_mutex.static.asym_mutex_int
                0x20000194       0x14 zephyr/libzephyr.a(nrf_cc3xx_platform_mutex_zephyr.c.obj)
                0x20000194                asym_mutex_int
 ._k_mutex.static.power_mutex_int
                0x200001a8       0x14 zephyr/libzephyr.a(nrf_cc3xx_platform_mutex_zephyr.c.obj)
                0x200001a8                power_mutex_int
 ._k_mutex.static.rng_mutex_int
                0x200001bc       0x14 zephyr/libzephyr.a(nrf_cc3xx_platform_mutex_zephyr.c.obj)
                0x200001bc                rng_mutex_int
 ._k_mutex.static.sym_mutex_int
                0x200001d0       0x14 zephyr/libzephyr.a(nrf_cc3xx_platform_mutex_zephyr.c.obj)
                0x200001d0                sym_mutex_int
                0x200001e4                _k_mutex_list_end = .

k_stack_area    0x200001e4        0x0 load address 0x000074a8
                0x200001e4                _k_stack_list_start = .
 *(SORT_BY_NAME(SORT_BY_ALIGNMENT(._k_stack.static.*)))
                0x200001e4                _k_stack_list_end = .

k_msgq_area     0x200001e4        0x0 load address 0x000074a8
                0x200001e4                _k_msgq_list_start = .
 *(SORT_BY_NAME(SORT_BY_ALIGNMENT(._k_msgq.static.*)))
                0x200001e4                _k_msgq_list_end = .

k_mbox_area     0x200001e4        0x0 load address 0x000074a8
                0x200001e4                _k_mbox_list_start = .
 *(SORT_BY_NAME(SORT_BY_ALIGNMENT(._k_mbox.static.*)))
                0x200001e4                _k_mbox_list_end = .

k_pipe_area     0x200001e4        0x0 load address 0x000074a8
                0x200001e4                _k_pipe_list_start = .
 *(SORT_BY_NAME(SORT_BY_ALIGNMENT(._k_pipe.static.*)))
                0x200001e4                _k_pipe_list_end = .

k_sem_area      0x200001e4       0x10 load address 0x000074a8
                0x200001e4                _k_sem_list_start = .
 *(SORT_BY_NAME(SORT_BY_ALIGNMENT(._k_sem.static.*)))
 ._k_sem.static.log_process_thread_sem
                0x200001e4       0x10 zephyr/libzephyr.a(log_core.c.obj)
                0x200001e4                log_process_thread_sem
                0x200001f4                _k_sem_list_end = .

k_queue_area    0x200001f4        0x0 load address 0x000074b8
                0x200001f4                _k_queue_list_start = .
 *(SORT_BY_NAME(SORT_BY_ALIGNMENT(._k_queue.static.*)))
                0x200001f4                _k_queue_list_end = .

k_condvar_area  0x200001f4        0x0 load address 0x000074b8
                0x200001f4                _k_condvar_list_start = .
 *(SORT_BY_NAME(SORT_BY_ALIGNMENT(._k_condvar.static.*)))
                0x200001f4                _k_condvar_list_end = .

_net_buf_pool_area
                0x200001f4        0x0 load address 0x000074b8
                0x200001f4                _net_buf_pool_list = .
 *(SORT_BY_NAME(SORT_BY_ALIGNMENT(._net_buf_pool.static.*)))
                0x200001f4                __data_ram_end = .

bss             0x200001f8      0xda4
                0x200001f8                . = ALIGN (0x4)
                0x200001f8                __bss_start = .
                0x200001f8                __kernel_ram_start = .
 *(SORT_BY_ALIGNMENT(.bss))
 *(SORT_BY_ALIGNMENT(.bss.*))
 .bss._k_thread_obj_uart_fw_task_id
                0x200001f8       0x80 app/libapp.a(main.c.obj)
                0x200001f8                _k_thread_obj_uart_fw_task_id
 .bss.log_process_thread_timer
                0x20000278       0x38 zephyr/libzephyr.a(log_core.c.obj)
 .bss.logging_thread
                0x200002b0       0x80 zephyr/libzephyr.a(log_core.c.obj)
                0x200002b0                logging_thread
 .bss.z_idle_threads
                0x20000330       0x80 zephyr/kernel/libkernel.a(init.c.obj)
                0x20000330                z_idle_threads
 .bss.z_main_thread
                0x200003b0       0x80 zephyr/kernel/libkernel.a(init.c.obj)
                0x200003b0                z_main_thread
 .bss.curr_tick
                0x20000430        0x8 zephyr/kernel/libkernel.a(timeout.c.obj)
 .bss.uart_uart_fw
                0x20000438        0x4 app/libapp.a(uart_fw.c.obj)
                0x20000438                uart_uart_fw
 .bss.buffered_cnt
                0x2000043c        0x4 zephyr/libzephyr.a(log_core.c.obj)
 .bss.dropped_cnt
                0x20000440        0x4 zephyr/libzephyr.a(log_core.c.obj)
 .bss.initialized
                0x20000444        0x4 zephyr/libzephyr.a(log_core.c.obj)
 .bss.list      0x20000448        0x8 zephyr/libzephyr.a(log_core.c.obj)
 .bss.log_strdup_pool
                0x20000450       0x1c zephyr/libzephyr.a(log_core.c.obj)
                0x20000450                log_strdup_pool
 .bss.proc_tid  0x2000046c        0x4 zephyr/libzephyr.a(log_core.c.obj)
 .bss.log_msg_pool
                0x20000470       0x1c zephyr/libzephyr.a(log_msg.c.obj)
                0x20000470                log_msg_pool
 .bss.freq      0x2000048c        0x4 zephyr/libzephyr.a(log_output.c.obj)
 .bss.timestamp_div
                0x20000490        0x4 zephyr/libzephyr.a(log_output.c.obj)
 .bss.backend_cb_log_backend_uart
                0x20000494        0x8 zephyr/libzephyr.a(log_backend_uart.c.obj)
 .bss.log_output_uart_control_block
                0x2000049c        0xc zephyr/libzephyr.a(log_backend_uart.c.obj)
 .bss.uart_dev  0x200004a8        0x4 zephyr/libzephyr.a(log_backend_uart.c.obj)
 .bss.uart_console_dev
                0x200004ac        0x4 zephyr/libzephyr.a(uart_console.c.obj)
 .bss.cli.10367
                0x200004b0       0x10 zephyr/libzephyr.a(clock_control_nrf.c.obj)
 .bss.data      0x200004c0       0x50 zephyr/libzephyr.a(clock_control_nrf.c.obj)
 .bss.hfclk_users
                0x20000510        0x4 zephyr/libzephyr.a(clock_control_nrf.c.obj)
 .bss.on.10366  0x20000514        0x4 zephyr/libzephyr.a(clock_control_nrf.c.obj)
 .bss.cc_data   0x20000518        0x8 zephyr/libzephyr.a(nrf_rtc_timer.c.obj)
 .bss.int_mask  0x20000520        0x4 zephyr/libzephyr.a(nrf_rtc_timer.c.obj)
 .bss.last_count
                0x20000524        0x4 zephyr/libzephyr.a(nrf_rtc_timer.c.obj)
 .bss.mutex_slab
                0x20000528       0x1c zephyr/libzephyr.a(nrf_cc3xx_platform_mutex_zephyr.c.obj)
                0x20000528                mutex_slab
 .bss.mutex_slab_buffer
                0x20000544      0x500 zephyr/libzephyr.a(nrf_cc3xx_platform_mutex_zephyr.c.obj)
                0x20000544                mutex_slab_buffer
 .bss.dynamic_regions.9331
                0x20000a44        0xc zephyr/arch/arch/arm/core/aarch32/cortex_m/mpu/libarch__arm__core__aarch32__cortex_m__mpu.a(arm_core_mpu.c.obj)
 .bss.gpio_nrfx_p0_data
                0x20000a50       0x1c zephyr/drivers/gpio/libdrivers__gpio.a(gpio_nrfx.c.obj)
 .bss.gpio_nrfx_p1_data
                0x20000a6c       0x1c zephyr/drivers/gpio/libdrivers__gpio.a(gpio_nrfx.c.obj)
 .bss.m_clock_cb
                0x20000a88        0x8 modules/hal_nordic/libmodules__hal_nordic.a(nrfx_clock.c.obj)
 .bss.m_cb      0x20000a90       0x60 modules/hal_nordic/libmodules__hal_nordic.a(nrfx_gpiote.c.obj)
 .bss.m_channels_allocated
                0x20000af0        0x4 modules/hal_nordic/libmodules__hal_nordic.a(nrfx_ppi.c.obj)
 .bss._kernel   0x20000af4       0x34 zephyr/kernel/libkernel.a(sched.c.obj)
                0x20000af4                _kernel
 .bss.pending_current
                0x20000b28        0x4 zephyr/kernel/libkernel.a(sched.c.obj)
 .bss.slice_max_prio
                0x20000b2c        0x4 zephyr/kernel/libkernel.a(sched.c.obj)
 .bss.slice_time
                0x20000b30        0x4 zephyr/kernel/libkernel.a(sched.c.obj)
 .bss.announce_remaining